Component: ARM Compiler 5.06 update 6 (build 750) Tool: armlink [4d35ed]

==============================================================================

Section Cross References

    main.o(i.GetUSART) refers to stm32f4xx_usart.o(i.USART_GetFlagStatus) for USART_GetFlagStatus
    main.o(i.GetUSART) refers to stm32f4xx_usart.o(i.USART_ReceiveData) for USART_ReceiveData
    main.o(i.main) refers to init_main_f4.o(i.Config_timer67) for Config_timer67
    main.o(i.main) refers to init_main_f4.o(i.pwm_Config) for pwm_Config
    main.o(i.main) refers to init_main_f4.o(i.gpio_Config) for gpio_Config
    main.o(i.main) refers to lcd.o(i.lcd_Init) for lcd_Init
    main.o(i.main) refers to config_encoder.o(i.ConfigEncoder) for ConfigEncoder
    main.o(i.main) refers to init_main_f4.o(i.config_uart1) for config_uart1
    main.o(i.main) refers to init_main_f4.o(i.config_uart2) for config_uart2
    main.o(i.main) refers to init_main_f4.o(i.config_uart3) for config_uart3
    main.o(i.main) refers to stm32f4xx_usart.o(i.USART_SendData) for USART_SendData
    main.o(i.main) refers to hamcon.o(i.ReadLine) for ReadLine
    main.o(i.main) refers to hamcon.o(i.ReadSensor) for ReadSensor
    main.o(i.main) refers to config_encoder.o(i.ReadEncoder) for ReadEncoder
    main.o(i.main) refers to hamcon.o(i.ChayAllV1) for ChayAllV1
    main.o(i.main) refers to system_stm32f4xx.o(.data) for SystemCoreClock
    main.o(i.main) refers to main.o(.data) for TestencoderTimer4
    delay.o(i.Delay_ms_Systemtick) refers to main.o(.data) for TimeDelay
    stm32f4xx_it.o(i.DMA2_Stream5_IRQHandler) refers to stm32f4xx_dma.o(i.DMA_ClearITPendingBit) for DMA_ClearITPendingBit
    stm32f4xx_it.o(i.DMA2_Stream5_IRQHandler) refers to init_main_f4.o(.bss) for RX_USART1
    stm32f4xx_it.o(i.DMA2_Stream5_IRQHandler) refers to main.o(.data) for goclabanget
    stm32f4xx_it.o(i.SysTick_Handler) refers to stm32f4xx_usart.o(i.USART_SendData) for USART_SendData
    stm32f4xx_it.o(i.SysTick_Handler) refers to main.o(.data) for TimeDelay
    stm32f4xx_it.o(i.TIM6_DAC_IRQHandler) refers to stm32f4xx_tim.o(i.TIM_ClearITPendingBit) for TIM_ClearITPendingBit
    stm32f4xx_it.o(i.USART2_IRQHandler) refers to stm32f4xx_usart.o(i.USART_GetITStatus) for USART_GetITStatus
    stm32f4xx_it.o(i.USART2_IRQHandler) refers to stm32f4xx_usart.o(i.USART_ClearITPendingBit) for USART_ClearITPendingBit
    stm32f4xx_it.o(i.USART2_IRQHandler) refers to stm32f4xx_usart.o(i.USART_ReceiveData) for USART_ReceiveData
    stm32f4xx_it.o(i.USART2_IRQHandler) refers to atoi.o(.text) for atoi
    stm32f4xx_it.o(i.USART2_IRQHandler) refers to main.o(.data) for getchar_u8
    stm32f4xx_it.o(i.USART2_IRQHandler) refers to main.o(.bss) for received_string
    stm32f4xx_it.o(i.USART2_IRQHandler) refers to stm32f4xx_it.o(.data) for cnt
    pwm_gpio.o(i.gpio_Pa) refers to stm32f4xx_gpio.o(i.GPIO_WriteBit) for GPIO_WriteBit
    pwm_gpio.o(i.gpio_Pb) refers to stm32f4xx_gpio.o(i.GPIO_WriteBit) for GPIO_WriteBit
    pwm_gpio.o(i.gpio_Pc) refers to stm32f4xx_gpio.o(i.GPIO_WriteBit) for GPIO_WriteBit
    pwm_gpio.o(i.gpio_Pd) refers to stm32f4xx_gpio.o(i.GPIO_WriteBit) for GPIO_WriteBit
    pwm_gpio.o(i.gpio_Pe) refers to stm32f4xx_gpio.o(i.GPIO_WriteBit) for GPIO_WriteBit
    hamcon.o(i.Ban) refers to hamcon.o(i.KhiNen) for KhiNen
    hamcon.o(i.Ban) refers to pwm_gpio.o(i.pwm_Pe) for pwm_Pe
    hamcon.o(i.Ban) refers to pwm_gpio.o(i.gpio_Pe) for gpio_Pe
    hamcon.o(i.Ban) refers to delay.o(i.Delay_ms_Systemtick) for Delay_ms_Systemtick
    hamcon.o(i.Ban) refers to hamcon.o(.data) for hesodiemgiatoc
    hamcon.o(i.Ban) refers to main.o(.data) for TestencoderTimer5
    hamcon.o(i.BanTz1Nghich) refers to hamcon.o(i.KhiNen) for KhiNen
    hamcon.o(i.BanTz1Nghich) refers to pwm_gpio.o(i.pwm_Pe) for pwm_Pe
    hamcon.o(i.BanTz1Nghich) refers to pwm_gpio.o(i.gpio_Pe) for gpio_Pe
    hamcon.o(i.BanTz1Nghich) refers to delay.o(i.Delay_ms_Systemtick) for Delay_ms_Systemtick
    hamcon.o(i.BanTz1Nghich) refers to hamcon.o(.data) for hesodiemgiatoc
    hamcon.o(i.BanTz1Nghich) refers to main.o(.data) for TestencoderTimer5
    hamcon.o(i.ChayAllV1) refers to hamcon.o(i.DongCoBan) for DongCoBan
    hamcon.o(i.ChayAllV1) refers to hamcon.o(i.tinhtiencolaban) for tinhtiencolaban
    hamcon.o(i.ChayAllV1) refers to hamcon.o(i.DungGiuViTri) for DungGiuViTri
    hamcon.o(i.ChayAllV1) refers to delay.o(i.Delay_ms_Systemtick) for Delay_ms_Systemtick
    hamcon.o(i.ChayAllV1) refers to hamcon.o(i.KhiNen) for KhiNen
    hamcon.o(i.ChayAllV1) refers to config_encoder.o(i.ClearEncoder) for ClearEncoder
    hamcon.o(i.ChayAllV1) refers to hamcon.o(i.BanTz1Nghich) for BanTz1Nghich
    hamcon.o(i.ChayAllV1) refers to hamcon.o(i.Ban) for Ban
    hamcon.o(i.ChayAllV1) refers to hamcon.o(.data) for x1
    hamcon.o(i.ChayAllV1) refers to main.o(.data) for TestencoderTimer5
    hamcon.o(i.ChayAllV1) refers to hamcon.o(i.giugoc) for giugoc
    hamcon.o(i.DongCoBan) refers to pwm_gpio.o(i.pwm_Pe) for pwm_Pe
[...]
    ../clib/microlib/init/entry.s            0x00000000   Number         0  entry11a.o ABSOLUTE
    ../clib/microlib/init/entry.s            0x00000000   Number         0  entry9b.o ABSOLUTE
    ../clib/microlib/longlong.c              0x00000000   Number         0  llshl.o ABSOLUTE
    ../clib/microlib/longlong.c              0x00000000   Number         0  llushr.o ABSOLUTE
    ../clib/microlib/longlong.c              0x00000000   Number         0  llsshr.o ABSOLUTE
    ../clib/microlib/stubs.s                 0x00000000   Number         0  iusefp.o ABSOLUTE
    ../clib/scanf.c                          0x00000000   Number         0  _chval.o ABSOLUTE
    ../clib/scanf.c                          0x00000000   Number         0  atoi.o ABSOLUTE
    ../clib/scanf.c                          0x00000000   Number         0  _strtoul.o ABSOLUTE
    ../clib/scanf.c                          0x00000000   Number         0  strtol.o ABSOLUTE
    ../fplib/microlib/d2f.c                  0x00000000   Number         0  d2f.o ABSOLUTE
    ../fplib/microlib/f2d.c                  0x00000000   Number         0  f2d.o ABSOLUTE
    ../fplib/microlib/fpadd.c                0x00000000   Number         0  dadd.o ABSOLUTE
    ../fplib/microlib/fpadd.c                0x00000000   Number         0  fadd.o ABSOLUTE
    ../fplib/microlib/fpdiv.c                0x00000000   Number         0  ddiv.o ABSOLUTE
    ../fplib/microlib/fpepilogue.c           0x00000000   Number         0  depilogue.o ABSOLUTE
    ../fplib/microlib/fpepilogue.c           0x00000000   Number         0  fepilogue.o ABSOLUTE
    ../fplib/microlib/fpfix.c                0x00000000   Number         0  dfixi.o ABSOLUTE
    ../fplib/microlib/fpfix.c                0x00000000   Number         0  ffixi.o ABSOLUTE
    ../fplib/microlib/fpflt.c                0x00000000   Number         0  fflti.o ABSOLUTE
    ../fplib/microlib/fpflt.c                0x00000000   Number         0  dfltui.o ABSOLUTE
    ../fplib/microlib/fpflt.c                0x00000000   Number         0  dflti.o ABSOLUTE
    ../fplib/microlib/fpmul.c                0x00000000   Number         0  fmul.o ABSOLUTE
    ../fplib/microlib/fpmul.c                0x00000000   Number         0  dmul.o ABSOLUTE
    ../fplib/microlib/fpscalb.c              0x00000000   Number         0  dscalb.o ABSOLUTE
    ../mathlib/cos.c                         0x00000000   Number         0  cos.o ABSOLUTE
    ../mathlib/cos.c                         0x00000000   Number         0  cos_x.o ABSOLUTE
    ../mathlib/cos_i.c                       0x00000000   Number         0  cos_i.o ABSOLUTE
    ../mathlib/dunder.c                      0x00000000   Number         0  dunder.o ABSOLUTE
    ../mathlib/fpclassify.c                  0x00000000   Number         0  fpclassify.o ABSOLUTE
    ../mathlib/poly.c                        0x00000000   Number         0  poly.o ABSOLUTE
    ../mathlib/rred.c                        0x00000000   Number         0  rred.o ABSOLUTE
    ../mathlib/sin_i.c                       0x00000000   Number         0  sin_i_x.o ABSOLUTE
    ../mathlib/sin_i.c                       0x00000000   Number         0  sin_i.o ABSOLUTE
    CMSIS\Device\ST\STM32F4xx\Source\Templates\arm\startup_stm32f40xx.s 0x00000000   Number         0  startup_stm32f40xx.o ABSOLUTE
    Init_Main_F4.c                           0x00000000   Number         0  init_main_f4.o ABSOLUTE
    Init_Main_F4.c                           0x00000000   Number         0  init_main_f4.o ABSOLUTE
    STM32F4xx_StdPeriph_Driver\\src\\misc.c  0x00000000   Number         0  misc.o ABSOLUTE
    STM32F4xx_StdPeriph_Driver\\src\\stm32f4xx_dma.c 0x00000000   Number         0  stm32f4xx_dma.o ABSOLUTE
    STM32F4xx_StdPeriph_Driver\\src\\stm32f4xx_exti.c 0x00000000   Number         0  stm32f4xx_exti.o ABSOLUTE
    STM32F4xx_StdPeriph_Driver\\src\\stm32f4xx_gpio.c 0x00000000   Number         0  stm32f4xx_gpio.o ABSOLUTE
    STM32F4xx_StdPeriph_Driver\\src\\stm32f4xx_rcc.c 0x00000000   Number         0  stm32f4xx_rcc.o ABSOLUTE
    STM32F4xx_StdPeriph_Driver\\src\\stm32f4xx_tim.c 0x00000000   Number         0  stm32f4xx_tim.o ABSOLUTE
    STM32F4xx_StdPeriph_Driver\\src\\stm32f4xx_usart.c 0x00000000   Number         0  stm32f4xx_usart.o ABSOLUTE
    STM32F4xx_StdPeriph_Driver\src\misc.c    0x00000000   Number         0  misc.o ABSOLUTE
    STM32F4xx_StdPeriph_Driver\src\stm32f4xx_dma.c 0x00000000   Number         0  stm32f4xx_dma.o ABSOLUTE
    STM32F4xx_StdPeriph_Driver\src\stm32f4xx_exti.c 0x00000000   Number         0  stm32f4xx_exti.o ABSOLUTE
    STM32F4xx_StdPeriph_Driver\src\stm32f4xx_gpio.c 0x00000000   Number         0  stm32f4xx_gpio.o ABSOLUTE
    STM32F4xx_StdPeriph_Driver\src\stm32f4xx_rcc.c 0x00000000   Number         0  stm32f4xx_rcc.o ABSOLUTE
    STM32F4xx_StdPeriph_Driver\src\stm32f4xx_tim.c 0x00000000   Number         0  stm32f4xx_tim.o ABSOLUTE
    STM32F4xx_StdPeriph_Driver\src\stm32f4xx_usart.c 0x00000000   Number         0  stm32f4xx_usart.o ABSOLUTE
    cfcmple.s                                0x00000000   Number         0  cfcmple.o ABSOLUTE
    cfrcmple.s                               0x00000000   Number         0  cfrcmple.o ABSOLUTE
    config_encoder.c                         0x00000000   Number         0  config_encoder.o ABSOLUTE
    config_encoder.c                         0x00000000   Number         0  config_encoder.o ABSOLUTE
    dc.s                                     0x00000000   Number         0  dc.o ABSOLUTE
    delay.c                                  0x00000000   Number         0  delay.o ABSOLUTE
    delay.c                                  0x00000000   Number         0  delay.o ABSOLUTE
    hamcon.c                                 0x00000000   Number         0  hamcon.o ABSOLUTE
    hamcon.c                                 0x00000000   Number         0  hamcon.o ABSOLUTE
    handlers.s                               0x00000000   Number         0  handlers.o ABSOLUTE
    init.s                                   0x00000000   Number         0  init.o ABSOLUTE
    lcd.c                                    0x00000000   Number         0  lcd.o ABSOLUTE
    lcd.c                                    0x00000000   Number         0  lcd.o ABSOLUTE
    main.c                                   0x00000000   Number         0  main.o ABSOLUTE
    main.c                                   0x00000000   Number         0  main.o ABSOLUTE
    pwm_gpio.c                               0x00000000   Number         0  pwm_gpio.o ABSOLUTE
    pwm_gpio.c                               0x00000000   Number         0  pwm_gpio.o ABSOLUTE
    stm32f4xx_it.c                           0x00000000   Number         0  stm32f4xx_it.o ABSOLUTE
    stm32f4xx_it.c                           0x00000000   Number         0  stm32f4xx_it.o ABSOLUTE
    system_stm32f4xx.c                       0x00000000   Number         0  system_stm32f4xx.o ABSOLUTE
    system_stm32f4xx.c                       0x00000000   Number         0  system_stm32f4xx.o ABSOLUTE
    RESET                                    0x08000000   Section      392  startup_stm32f40xx.o(RESET)
    .ARM.Collect$$$$00000000                 0x08000188   Section        0  entry.o(.ARM.Collect$$$$00000000)
    .ARM.Collect$$$$00000001                 0x08000188   Section        4  entry2.o(.ARM.Collect$$$$00000001)
    .ARM.Collect$$$$00000004                 0x0800018c   Section        4  entry5.o(.ARM.Collect$$$$00000004)
    .ARM.Collect$$$$00000008                 0x08000190   Section        0  entry7b.o(.ARM.Collect$$$$00000008)
    .ARM.Collect$$$$0000000A                 0x08000190   Section        0  entry8b.o(.ARM.Collect$$$$0000000A)
    .ARM.Collect$$$$0000000B                 0x08000190   Section        8  entry9a.o(.ARM.Collect$$$$0000000B)
    .ARM.Collect$$$$0000000D                 0x08000198   Section        0  entry10a.o(.ARM.Collect$$$$0000000D)
    .ARM.Collect$$$$0000000F                 0x08000198   Section        0  entry11a.o(.ARM.Collect$$$$0000000F)
    .ARM.Collect$$$$00002712                 0x08000198   Section        4  entry2.o(.ARM.Collect$$$$00002712)
    __lit__00000000                          0x08000198   Data           4  entry2.o(.ARM.Collect$$$$00002712)
    .text                                    0x0800019c   Section       36  startup_stm32f40xx.o(.text)
    .text                                    0x080001c0   Section        0  atoi.o(.text)
    .text                                    0x080001da   Section        0  fadd.o(.text)
    .text                                    0x0800028a   Section        0  fmul.o(.text)
    .text                                    0x080002ee   Section        0  fflti.o(.text)
    .text                                    0x08000300   Section        0  ffixi.o(.text)
    .text                                    0x08000332   Section        0  f2d.o(.text)
    .text                                    0x08000358   Section        0  d2f.o(.text)
    .text                                    0x08000390   Section       20  cfcmple.o(.text)
    .text                                    0x080003a4   Section       20  cfrcmple.o(.text)
    .text                                    0x080003b8   Section        0  strtol.o(.text)
    .text                                    0x08000428   Section        0  fepilogue.o(.text)
    .text                                    0x08000428   Section        0  iusefp.o(.text)
    .text                                    0x08000498   Section       36  init.o(.text)
    .text                                    0x080004bc   Section        0  ctype_o.o(.text)
    .text                                    0x080004c4   Section        0  _strtoul.o(.text)
    .text                                    0x08000562   Section        0  dadd.o(.text)
    .text                                    0x080006b0   Section        0  dmul.o(.text)
    .text                                    0x08000794   Section        0  ddiv.o(.text)
    .text                                    0x08000872   Section        0  dscalb.o(.text)
    .text                                    0x080008a0   Section        0  dflti.o(.text)
    .text                                    0x080008c2   Section        0  dfltui.o(.text)
    .text                                    0x080008dc   Section        0  dfixi.o(.text)
    .text                                    0x0800091a   Section        0  llshl.o(.text)
    .text                                    0x08000938   Section        0  llushr.o(.text)
    .text                                    0x08000958   Section        0  llsshr.o(.text)
    .text                                    0x0800097c   Section        0  _chval.o(.text)
    .text                                    0x08000998   Section        0  depilogue.o(.text)
    .text                                    0x08000a52   Section        0  __dczerorl2.o(.text)
    i.Ban                                    0x08000aa8   Section        0  hamcon.o(i.Ban)
    i.BanTz1Nghich                           0x08000bd4   Section        0  hamcon.o(i.BanTz1Nghich)
    i.BusFault_Handler                       0x08000d00   Section        0  stm32f4xx_it.o(i.BusFault_Handler)
    i.ChayAllV1                              0x08000d04   Section        0  hamcon.o(i.ChayAllV1)
    i.ClearEncoder                           0x08001374   Section        0  config_encoder.o(i.ClearEncoder)
    i.ConfigEncoder                          0x080013d8   Section        0  config_encoder.o(i.ConfigEncoder)
    i.Config_timer67                         0x080013fc   Section        0  init_main_f4.o(i.Config_timer67)
    i.DMA2_Stream5_IRQHandler                0x08001458   Section        0  stm32f4xx_it.o(i.DMA2_Stream5_IRQHandler)
    i.DMA_ClearITPendingBit                  0x08001488   Section        0  stm32f4xx_dma.o(i.DMA_ClearITPendingBit)
    i.DMA_Cmd                                0x080014bc   Section        0  stm32f4xx_dma.o(i.DMA_Cmd)
    i.DMA_DeInit                             0x080014d4   Section        0  stm32f4xx_dma.o(i.DMA_DeInit)
    i.DMA_ITConfig                           0x0800162c   Section        0  stm32f4xx_dma.o(i.DMA_ITConfig)
    i.DMA_Init                               0x08001668   Section        0  stm32f4xx_dma.o(i.DMA_Init)
    i.DebugMon_Handler                       0x080016c0   Section        0  stm32f4xx_it.o(i.DebugMon_Handler)
    i.Delay_ms_Systemtick                    0x080016c4   Section        0  delay.o(i.Delay_ms_Systemtick)
    i.DongCoBan                              0x080016d8   Section        0  hamcon.o(i.DongCoBan)
    i.DungGiuViTri                           0x080016f0   Section        0  hamcon.o(i.DungGiuViTri)
    i.Encoder1_Tim2_Init                     0x08001734   Section        0  config_encoder.o(i.Encoder1_Tim2_Init)
    i.Encoder3_Tim4_Init                     0x0800181c   Section        0  config_encoder.o(i.Encoder3_Tim4_Init)
    i.Encoder4_Tim5_Init                     0x080018e0   Section        0  config_encoder.o(i.Encoder4_Tim5_Init)
    i.GPIO_Init                              0x080019a0   Section        0  stm32f4xx_gpio.o(i.GPIO_Init)
    i.GPIO_PinAFConfig                       0x08001a30   Section        0  stm32f4xx_gpio.o(i.GPIO_PinAFConfig)
    i.GPIO_ReadInputDataBit                  0x08001a76   Section        0  stm32f4xx_gpio.o(i.GPIO_ReadInputDataBit)
    i.GPIO_WriteBit                          0x08001a88   Section        0  stm32f4xx_gpio.o(i.GPIO_WriteBit)
    i.HardFault_Handler                      0x08001a92   Section        0  stm32f4xx_it.o(i.HardFault_Handler)
    i.KhiNen                                 0x08001a96   Section        0  hamcon.o(i.KhiNen)
    i.MemManage_Handler                      0x08001ac8   Section        0  stm32f4xx_it.o(i.MemManage_Handler)
    i.NMI_Handler                            0x08001acc   Section        0  stm32f4xx_it.o(i.NMI_Handler)
    i.NVIC_Config_tim2                       0x08001ace   Section        0  config_encoder.o(i.NVIC_Config_tim2)
    i.NVIC_Config_tim4                       0x08001af0   Section        0  config_encoder.o(i.NVIC_Config_tim4)
    i.NVIC_Config_tim5                       0x08001b12   Section        0  config_encoder.o(i.NVIC_Config_tim5)
    i.NVIC_Init                              0x08001b34   Section        0  misc.o(i.NVIC_Init)
    i.NVIC_PriorityGroupConfig               0x08001bac   Section        0  misc.o(i.NVIC_PriorityGroupConfig)
    i.PendSV_Handler                         0x08001bc0   Section        0  stm32f4xx_it.o(i.PendSV_Handler)
    i.RCC_AHB1PeriphClockCmd                 0x08001bc4   Section        0  stm32f4xx_rcc.o(i.RCC_AHB1PeriphClockCmd)
    i.RCC_APB1PeriphClockCmd                 0x08001be4   Section        0  stm32f4xx_rcc.o(i.RCC_APB1PeriphClockCmd)
    i.RCC_APB1PeriphResetCmd                 0x08001c04   Section        0  stm32f4xx_rcc.o(i.RCC_APB1PeriphResetCmd)
    i.RCC_APB2PeriphClockCmd                 0x08001c24   Section        0  stm32f4xx_rcc.o(i.RCC_APB2PeriphClockCmd)
    i.RCC_APB2PeriphResetCmd                 0x08001c44   Section        0  stm32f4xx_rcc.o(i.RCC_APB2PeriphResetCmd)
    i.RCC_GetClocksFreq                      0x08001c64   Section        0  stm32f4xx_rcc.o(i.RCC_GetClocksFreq)
    i.ReadEncoder                            0x08001d4c   Section        0  config_encoder.o(i.ReadEncoder)
    i.ReadLine                               0x08001db0   Section        0  hamcon.o(i.ReadLine)
    i.ReadSensor                             0x08001fdc   Section        0  hamcon.o(i.ReadSensor)
    i.SVC_Handler                            0x0800205c   Section        0  stm32f4xx_it.o(i.SVC_Handler)
    i.SetSysClock                            0x08002060   Section        0  system_stm32f4xx.o(i.SetSysClock)
    SetSysClock                              0x08002061   Thumb Code   220  system_stm32f4xx.o(i.SetSysClock)
    i.SysTick_Handler                        0x0800214c   Section        0  stm32f4xx_it.o(i.SysTick_Handler)
    i.SystemInit                             0x08002198   Section        0  system_stm32f4xx.o(i.SystemInit)
    i.TI1_Config                             0x080021f4   Section        0  stm32f4xx_tim.o(i.TI1_Config)
    TI1_Config                               0x080021f5   Thumb Code    58  stm32f4xx_tim.o(i.TI1_Config)
    i.TI2_Config                             0x0800222e   Section        0  stm32f4xx_tim.o(i.TI2_Config)
    TI2_Config                               0x0800222f   Thumb Code    80  stm32f4xx_tim.o(i.TI2_Config)
    i.TI3_Config                             0x0800227e   Section        0  stm32f4xx_tim.o(i.TI3_Config)
    TI3_Config                               0x0800227f   Thumb Code    72  stm32f4xx_tim.o(i.TI3_Config)
    i.TI4_Config                             0x080022c6   Section        0  stm32f4xx_tim.o(i.TI4_Config)
    TI4_Config                               0x080022c7   Thumb Code    80  stm32f4xx_tim.o(i.TI4_Config)
    i.TIM2_IRQHandler                        0x08002318   Section        0  config_encoder.o(i.TIM2_IRQHandler)
    i.TIM3_IRQHandler                        0x08002348   Section        0  config_encoder.o(i.TIM3_IRQHandler)
    i.TIM4_IRQHandler                        0x0800237c   Section        0  config_encoder.o(i.TIM4_IRQHandler)
    i.TIM5_IRQHandler                        0x080023b0   Section        0  config_encoder.o(i.TIM5_IRQHandler)
    i.TIM6_DAC_IRQHandler                    0x080023e4   Section        0  stm32f4xx_it.o(i.TIM6_DAC_IRQHandler)
    i.TIM_ARRPreloadConfig                   0x080023f4   Section        0  stm32f4xx_tim.o(i.TIM_ARRPreloadConfig)
    i.TIM_ClearITPendingBit                  0x0800240c   Section        0  stm32f4xx_tim.o(i.TIM_ClearITPendingBit)
    i.TIM_Cmd                                0x08002412   Section        0  stm32f4xx_tim.o(i.TIM_Cmd)
    i.TIM_CtrlPWMOutputs                     0x0800242a   Section        0  stm32f4xx_tim.o(i.TIM_CtrlPWMOutputs)
    i.TIM_EncoderInterfaceConfig             0x08002448   Section        0  stm32f4xx_tim.o(i.TIM_EncoderInterfaceConfig)
    i.TIM_ICInit                             0x0800248a   Section        0  stm32f4xx_tim.o(i.TIM_ICInit)
    i.TIM_ITConfig                           0x080024f8   Section        0  stm32f4xx_tim.o(i.TIM_ITConfig)
    i.TIM_OC1Init                            0x0800250c   Section        0  stm32f4xx_tim.o(i.TIM_OC1Init)
    i.TIM_OC1PreloadConfig                   0x08002588   Section        0  stm32f4xx_tim.o(i.TIM_OC1PreloadConfig)
    i.TIM_OC2Init                            0x0800259c   Section        0  stm32f4xx_tim.o(i.TIM_OC2Init)
    i.TIM_OC2PreloadConfig                   0x08002640   Section        0  stm32f4xx_tim.o(i.TIM_OC2PreloadConfig)
    i.TIM_OC3Init                            0x0800265c   Section        0  stm32f4xx_tim.o(i.TIM_OC3Init)
    i.TIM_OC3PreloadConfig                   0x080026fc   Section        0  stm32f4xx_tim.o(i.TIM_OC3PreloadConfig)
    i.TIM_OC4Init                            0x08002710   Section        0  stm32f4xx_tim.o(i.TIM_OC4Init)
    i.TIM_OC4PreloadConfig                   0x08002788   Section        0  stm32f4xx_tim.o(i.TIM_OC4PreloadConfig)
    i.TIM_SetCounter                         0x080027a2   Section        0  stm32f4xx_tim.o(i.TIM_SetCounter)
    i.TIM_SetIC1Prescaler                    0x080027a6   Section        0  stm32f4xx_tim.o(i.TIM_SetIC1Prescaler)
    i.TIM_SetIC2Prescaler                    0x080027b8   Section        0  stm32f4xx_tim.o(i.TIM_SetIC2Prescaler)
    i.TIM_SetIC3Prescaler                    0x080027d2   Section        0  stm32f4xx_tim.o(i.TIM_SetIC3Prescaler)
    i.TIM_SetIC4Prescaler                    0x080027e4   Section        0  stm32f4xx_tim.o(i.TIM_SetIC4Prescaler)
    i.TIM_TimeBaseInit                       0x08002800   Section        0  stm32f4xx_tim.o(i.TIM_TimeBaseInit)
    i.USART1_IRQHandler                      0x08002884   Section        0  stm32f4xx_it.o(i.USART1_IRQHandler)
    i.USART2_IRQHandler                      0x08002888   Section        0  stm32f4xx_it.o(i.USART2_IRQHandler)
    i.USART_ClearITPendingBit                0x08002b48   Section        0  stm32f4xx_usart.o(i.USART_ClearITPendingBit)
    i.USART_Cmd                              0x08002b66   Section        0  stm32f4xx_usart.o(i.USART_Cmd)
    i.USART_DMACmd                           0x08002b7e   Section        0  stm32f4xx_usart.o(i.USART_DMACmd)
    i.USART_DeInit                           0x08002b90   Section        0  stm32f4xx_usart.o(i.USART_DeInit)
    i.USART_GetITStatus                      0x08002c80   Section        0  stm32f4xx_usart.o(i.USART_GetITStatus)
    i.USART_ITConfig                         0x08002cd4   Section        0  stm32f4xx_usart.o(i.USART_ITConfig)
    i.USART_Init                             0x08002d20   Section        0  stm32f4xx_usart.o(i.USART_Init)
    i.USART_ReceiveData                      0x08002df4   Section        0  stm32f4xx_usart.o(i.USART_ReceiveData)
    i.USART_SendData                         0x08002dfe   Section        0  stm32f4xx_usart.o(i.USART_SendData)
    i.UsageFault_Handler                     0x08002e06   Section        0  stm32f4xx_it.o(i.UsageFault_Handler)
    i.__ARM_fpclassify                       0x08002e0a   Section        0  fpclassify.o(i.__ARM_fpclassify)
    i.__aeabi_errno_addr                     0x08002e34   Section        0  errno.o(i.__aeabi_errno_addr)
    i.__ieee754_rem_pio2                     0x08002e3c   Section        0  rred.o(i.__ieee754_rem_pio2)
    i.__kernel_cos                           0x080031c4   Section        0  cos_i.o(i.__kernel_cos)
    i.__kernel_poly                          0x080032c0   Section        0  poly.o(i.__kernel_poly)
    i.__kernel_sin                           0x0800336c   Section        0  sin_i.o(i.__kernel_sin)
    i.__mathlib_dbl_infnan                   0x08003458   Section        0  dunder.o(i.__mathlib_dbl_infnan)
    i.__mathlib_dbl_invalid                  0x0800345e   Section        0  dunder.o(i.__mathlib_dbl_invalid)
    i.__mathlib_dbl_underflow                0x0800346c   Section        0  dunder.o(i.__mathlib_dbl_underflow)
    i.__scatterload_copy                     0x0800347c   Section       14  handlers.o(i.__scatterload_copy)
    i.__scatterload_null                     0x0800348a   Section        2  handlers.o(i.__scatterload_null)
    i.__scatterload_zeroinit                 0x0800348c   Section       14  handlers.o(i.__scatterload_zeroinit)
    i.__set_errno                            0x0800349c   Section        0  errno.o(i.__set_errno)
    i.config_uart1                           0x080034a8   Section        0  init_main_f4.o(i.config_uart1)
    i.config_uart2                           0x080035dc   Section        0  init_main_f4.o(i.config_uart2)
    i.config_uart3                           0x08003688   Section        0  init_main_f4.o(i.config_uart3)
    i.cos                                    0x08003710   Section        0  cos.o(i.cos)
    i.delay                                  0x080037ac   Section        0  lcd.o(i.delay)
    delay                                    0x080037ad   Thumb Code    24  lcd.o(i.delay)
    i.giugoc                                 0x080037c8   Section        0  hamcon.o(i.giugoc)
    i.gpio_Config                            0x08003974   Section        0  init_main_f4.o(i.gpio_Config)
    i.gpio_Pc                                0x08003a30   Section        0  pwm_gpio.o(i.gpio_Pc)
    i.gpio_Pe                                0x08003a74   Section        0  pwm_gpio.o(i.gpio_Pe)
    i.lcd_Control_Write                      0x08003adc   Section        0  lcd.o(i.lcd_Control_Write)
    i.lcd_Init                               0x08003af8   Section        0  lcd.o(i.lcd_Init)
    i.lcd_Init_HW                            0x08003b64   Section        0  lcd.o(i.lcd_Init_HW)
    i.lcd_data_line_write                    0x08003be0   Section        0  lcd.o(i.lcd_data_line_write)
    i.main                                   0x08003d24   Section        0  main.o(i.main)
    i.pwm_Config                             0x08003de4   Section        0  init_main_f4.o(i.pwm_Config)
    i.pwm_Pa                                 0x08003f84   Section        0  pwm_gpio.o(i.pwm_Pa)
    i.pwm_Pb                                 0x08003fa4   Section        0  pwm_gpio.o(i.pwm_Pb)
    i.pwm_Pe                                 0x08003fc4   Section        0  pwm_gpio.o(i.pwm_Pe)
    i.tinhtiencolaban                        0x08003ff8   Section        0  hamcon.o(i.tinhtiencolaban)
    .constdata                               0x080043f8   Section       48  cos_i.o(.constdata)
    C                                        0x080043f8   Data          48  cos_i.o(.constdata)
    .constdata                               0x08004428   Section      200  rred.o(.constdata)
    pio2s                                    0x08004428   Data          48  rred.o(.constdata)
    twooverpi                                0x08004458   Data         152  rred.o(.constdata)
    .constdata                               0x080044f0   Section       40  sin_i.o(.constdata)
    S                                        0x080044f0   Data          40  sin_i.o(.constdata)
    .constdata                               0x08004518   Section      129  ctype_o.o(.constdata)
    .constdata                               0x0800459c   Section        4  ctype_o.o(.constdata)
    table                                    0x0800459c   Data           4  ctype_o.o(.constdata)
    .data                                    0x20000000   Section      189  main.o(.data)
    .data                                    0x200000bd   Section        3  stm32f4xx_it.o(.data)
    cnt                                      0x200000bf   Data           1  stm32f4xx_it.o(.data)
    .data                                    0x200000c0   Section      200  hamcon.o(.data)
    .data                                    0x20000188   Section       16  config_encoder.o(.data)
    .data                                    0x20000198   Section       12  init_main_f4.o(.data)
    .data                                    0x200001a4   Section       16  stm32f4xx_rcc.o(.data)
    APBAHBPrescTable                         0x200001a4   Data          16  stm32f4xx_rcc.o(.data)
    .data                                    0x200001b4   Section       20  system_stm32f4xx.o(.data)
    .data                                    0x200001c8   Section        4  errno.o(.data)
    _errno                                   0x200001c8   Data           4  errno.o(.data)
    .bss                                     0x200001cc   Section      566  main.o(.bss)
    .bss                                     0x20000404   Section      123  init_main_f4.o(.bss)
    STACK                                    0x20000480   Section     1024  startup_stm32f40xx.o(STACK)

    Global Symbols

    Symbol Name                              Value     Ov Type        Size  Object(Section)

    BuildAttributes$$THM_ISAv4$E$P$D$K$B$S$7EM$PE$A:L22UL41UL21$X:L11$S22US41US21$IEEE1$IW$USESV6$~STKCKD$USESV7$~SHL$OTIME$ROPI$IEEEX$EBA8$MICROLIB$REQ8$PRES8$EABIv2 0x00000000   Number         0  anon$$obj.o ABSOLUTE
    __ARM_use_no_argv                        0x00000000   Number         0  main.o ABSOLUTE
    __cpp_initialize__aeabi_                  - Undefined Weak Reference
    __cxa_finalize                            - Undefined Weak Reference
    _clock_init                               - Undefined Weak Reference
    _microlib_exit                            - Undefined Weak Reference
    __Vectors_Size                           0x00000188   Number         0  startup_stm32f40xx.o ABSOLUTE
    __Vectors                                0x08000000   Data           4  startup_stm32f40xx.o(RESET)
    __Vectors_End                            0x08000188   Data           0  startup_stm32f40xx.o(RESET)
    __main                                   0x08000189   Thumb Code     0  entry.o(.ARM.Collect$$$$00000000)
    _main_stk                                0x08000189   Thumb Code     0  entry2.o(.ARM.Collect$$$$00000001)
    _main_scatterload                        0x0800018d   Thumb Code     0  entry5.o(.ARM.Collect$$$$00000004)
    __main_after_scatterload                 0x08000191   Thumb Code     0  entry5.o(.ARM.Collect$$$$00000004)
    _main_clock                              0x08000191   Thumb Code     0  entry7b.o(.ARM.Collect$$$$00000008)
    _main_cpp_init                           0x08000191   Thumb Code     0  entry8b.o(.ARM.Collect$$$$0000000A)
    _main_init                               0x08000191   Thumb Code     0  entry9a.o(.ARM.Collect$$$$0000000B)
    __rt_final_cpp                           0x08000199   Thumb Code     0  entry10a.o(.ARM.Collect$$$$0000000D)
    __rt_final_exit                          0x08000199   Thumb Code     0  entry11a.o(.ARM.Collect$$$$0000000F)
    Reset_Handler                            0x0800019d   Thumb Code     8  startup_stm32f40xx.o(.text)
    ADC_IRQHandler                           0x080001b7   Thumb Code     0  startup_stm32f40xx.o(.text)
    CAN1_RX0_IRQHandler                      0x080001b7   Thumb Code     0  startup_stm32f40xx.o(.text)
    CAN1_RX1_IRQHandler                      0x080001b7   Thumb Code     0  startup_stm32f40xx.o(.text)
    CAN1_SCE_IRQHandler                      0x080001b7   Thumb Code     0  startup_stm32f40xx.o(.text)
    CAN1_TX_IRQHandler                       0x080001b7   Thumb Code     0  startup_stm32f40xx.o(.text)
    CAN2_RX0_IRQHandler                      0x080001b7   Thumb Code     0  startup_stm32f40xx.o(.text)
    CAN2_RX1_IRQHandler                      0x080001b7   Thumb Code     0  startup_stm32f40xx.o(.text)
    CAN2_SCE_IRQHandler                      0x080001b7   Thumb Code     0  startup_stm32f40xx.o(.text)
    CAN2_TX_IRQHandler                       0x080001b7   Thumb Code     0  startup_stm32f40xx.o(.text)
    CRYP_IRQHandler                          0x080001b7   Thumb Code     0  startup_stm32f40xx.o(.text)
    DCMI_IRQHandler                          0x080001b7   Thumb Code     0  startup_stm32f40xx.o(.text)
    DMA1_Stream0_IRQHandler                  0x080001b7   Thumb Code     0  startup_stm32f40xx.o(.text)
    DMA1_Stream1_IRQHandler                  0x080001b7   Thumb Code     0  startup_stm32f40xx.o(.text)
    DMA1_Stream2_IRQHandler                  0x080001b7   Thumb Code     0  startup_stm32f40xx.o(.text)
    DMA1_Stream3_IRQHandler                  0x080001b7   Thumb Code     0  startup_stm32f40xx.o(.text)
    DMA1_Stream4_IRQHandler                  0x080001b7   Thumb Code     0  startup_stm32f40xx.o(.text)
    DMA1_Stream5_IRQHandler                  0x080001b7   Thumb Code     0  startup_stm32f40xx.o(.text)
    DMA1_Stream6_IRQHandler                  0x080001b7   Thumb Code     0  startup_stm32f40xx.o(.text)
    DMA1_Stream7_IRQHandler                  0x080001b7   Thumb Code     0  startup_stm32f40xx.o(.text)
    DMA2_Stream0_IRQHandler                  0x080001b7   Thumb Code     0  startup_stm32f40xx.o(.text)
    DMA2_Stream1_IRQHandler                  0x080001b7   Thumb Code     0  startup_stm32f40xx.o(.text)
    DMA2_Stream2_IRQHandler                  0x080001b7   Thumb Code     0  startup_stm32f40xx.o(.text)
    DMA2_Stream3_IRQHandler                  0x080001b7   Thumb Code     0  startup_stm32f40xx.o(.text)
    DMA2_Stream4_IRQHandler                  0x080001b7   Thumb Code     0  startup_stm32f40xx.o(.text)
    DMA2_Stream6_IRQHandler                  0x080001b7   Thumb Code     0  startup_stm32f40xx.o(.text)
    DMA2_Stream7_IRQHandler                  0x080001b7   Thumb Code     0  startup_stm32f40xx.o(.text)
    ETH_IRQHandler                           0x080001b7   Thumb Code     0  startup_stm32f40xx.o(.text)
    ETH_WKUP_IRQHandler                      0x080001b7   Thumb Code     0  startup_stm32f40xx.o(.text)
    EXTI0_IRQHandler                         0x080001b7   Thumb Code     0  startup_stm32f40xx.o(.text)
    EXTI15_10_IRQHandler                     0x080001b7   Thumb Code     0  startup_stm32f40xx.o(.text)
    EXTI1_IRQHandler                         0x080001b7   Thumb Code     0  startup_stm32f40xx.o(.text)
    EXTI2_IRQHandler                         0x080001b7   Thumb Code     0  startup_stm32f40xx.o(.text)
    EXTI3_IRQHandler                         0x080001b7   Thumb Code     0  startup_stm32f40xx.o(.text)
    EXTI4_IRQHandler                         0x080001b7   Thumb Code     0  startup_stm32f40xx.o(.text)
    EXTI9_5_IRQHandler                       0x080001b7   Thumb Code     0  startup_stm32f40xx.o(.text)
    FLASH_IRQHandler                         0x080001b7   Thumb Code     0  startup_stm32f40xx.o(.text)
    FPU_IRQHandler                           0x080001b7   Thumb Code     0  startup_stm32f40xx.o(.text)
    FSMC_IRQHandler                          0x080001b7   Thumb Code     0  startup_stm32f40xx.o(.text)
    HASH_RNG_IRQHandler                      0x080001b7   Thumb Code     0  startup_stm32f40xx.o(.text)
    I2C1_ER_IRQHandler                       0x080001b7   Thumb Code     0  startup_stm32f40xx.o(.text)
    I2C1_EV_IRQHandler                       0x080001b7   Thumb Code     0  startup_stm32f40xx.o(.text)
    I2C2_ER_IRQHandler                       0x080001b7   Thumb Code     0  startup_stm32f40xx.o(.text)
    I2C2_EV_IRQHandler                       0x080001b7   Thumb Code     0  startup_stm32f40xx.o(.text)
    I2C3_ER_IRQHandler                       0x080001b7   Thumb Code     0  startup_stm32f40xx.o(.text)
    I2C3_EV_IRQHandler                       0x080001b7   Thumb Code     0  startup_stm32f40xx.o(.text)
    OTG_FS_IRQHandler                        0x080001b7   Thumb Code     0  startup_stm32f40xx.o(.text)
    OTG_FS_WKUP_IRQHandler                   0x080001b7   Thumb Code     0  startup_stm32f40xx.o(.text)
    OTG_HS_EP1_IN_IRQHandler                 0x080001b7   Thumb Code     0  startup_stm32f40xx.o(.text)
    OTG_HS_EP1_OUT_IRQHandler                0x080001b7   Thumb Code     0  startup_stm32f40xx.o(.text)
    OTG_HS_IRQHandler                        0x080001b7   Thumb Code     0  startup_stm32f40xx.o(.text)
    OTG_HS_WKUP_IRQHandler                   0x080001b7   Thumb Code     0  startup_stm32f40xx.o(.text)
    PVD_IRQHandler                           0x080001b7   Thumb Code     0  startup_stm32f40xx.o(.text)
    RCC_IRQHandler                           0x080001b7   Thumb Code     0  startup_stm32f40xx.o(.text)
    RTC_Alarm_IRQHandler                     0x080001b7   Thumb Code     0  startup_stm32f40xx.o(.text)
    RTC_WKUP_IRQHandler                      0x080001b7   Thumb Code     0  startup_stm32f40xx.o(.text)
    SDIO_IRQHandler                          0x080001b7   Thumb Code     0  startup_stm32f40xx.o(.text)
    SPI1_IRQHandler                          0x080001b7   Thumb Code     0  startup_stm32f40xx.o(.text)
    SPI2_IRQHandler                          0x080001b7   Thumb Code     0  startup_stm32f40xx.o(.text)
    SPI3_IRQHandler                          0x080001b7   Thumb Code     0  startup_stm32f40xx.o(.text)
    TAMP_STAMP_IRQHandler                    0x080001b7   Thumb Code     0  startup_stm32f40xx.o(.text)
    TIM1_BRK_TIM9_IRQHandler                 0x080001b7   Thumb Code     0  startup_stm32f40xx.o(.text)
    TIM1_CC_IRQHandler                       0x080001b7   Thumb Code     0  startup_stm32f40xx.o(.text)
    TIM1_TRG_COM_TIM11_IRQHandler            0x080001b7   Thumb Code     0  startup_stm32f40xx.o(.text)
    TIM1_UP_TIM10_IRQHandler                 0x080001b7   Thumb Code     0  startup_stm32f40xx.o(.text)
    TIM7_IRQHandler                          0x080001b7   Thumb Code     0  startup_stm32f40xx.o(.text)
    TIM8_BRK_TIM12_IRQHandler                0x080001b7   Thumb Code     0  startup_stm32f40xx.o(.text)
    TIM8_CC_IRQHandler                       0x080001b7   Thumb Code     0  startup_stm32f40xx.o(.text)
    TIM8_TRG_COM_TIM14_IRQHandler            0x080001b7   Thumb Code     0  startup_stm32f40xx.o(.text)
    TIM8_UP_TIM13_IRQHandler                 0x080001b7   Thumb Code     0  startup_stm32f40xx.o(.text)
    UART4_IRQHandler                         0x080001b7   Thumb Code     0  startup_stm32f40xx.o(.text)
    UART5_IRQHandler                         0x080001b7   Thumb Code     0  startup_stm32f40xx.o(.text)
    USART3_IRQHandler                        0x080001b7   Thumb Code     0  startup_stm32f40xx.o(.text)
    USART6_IRQHandler                        0x080001b7   Thumb Code     0  startup_stm32f40xx.o(.text)
    WWDG_IRQHandler                          0x080001b7   Thumb Code     0  startup_stm32f40xx.o(.text)
    atoi                                     0x080001c1   Thumb Code    26  atoi.o(.text)
    __aeabi_fadd                             0x080001db   Thumb Code   164  fadd.o(.text)
    __aeabi_fsub                             0x0800027f   Thumb Code     6  fadd.o(.text)
    __aeabi_frsub                            0x08000285   Thumb Code     6  fadd.o(.text)
    __aeabi_fmul                             0x0800028b   Thumb Code   100  fmul.o(.text)
    __aeabi_i2f                              0x080002ef   Thumb Code    18  fflti.o(.text)
    __aeabi_f2iz                             0x08000301   Thumb Code    50  ffixi.o(.text)
    __aeabi_f2d                              0x08000333   Thumb Code    38  f2d.o(.text)
    __aeabi_d2f                              0x08000359   Thumb Code    56  d2f.o(.text)
    __aeabi_cfcmpeq                          0x08000391   Thumb Code     0  cfcmple.o(.text)
    __aeabi_cfcmple                          0x08000391   Thumb Code    20  cfcmple.o(.text)
    __aeabi_cfrcmple                         0x080003a5   Thumb Code    20  cfrcmple.o(.text)
    strtol                                   0x080003b9   Thumb Code   112  strtol.o(.text)
    __I$use$fp                               0x08000429   Thumb Code     0  iusefp.o(.text)
    _float_round                             0x08000429   Thumb Code    18  fepilogue.o(.text)
    _float_epilogue                          0x0800043b   Thumb Code    92  fepilogue.o(.text)
    __scatterload                            0x08000499   Thumb Code    28  init.o(.text)
    __scatterload_rt2                        0x08000499   Thumb Code     0  init.o(.text)
    __rt_ctype_table                         0x080004bd   Thumb Code     4  ctype_o.o(.text)
    _strtoul                                 0x080004c5   Thumb Code   158  _strtoul.o(.text)
    __aeabi_dadd                             0x08000563   Thumb Code   322  dadd.o(.text)
    __aeabi_dsub                             0x080006a5   Thumb Code     6  dadd.o(.text)
    __aeabi_drsub                            0x080006ab   Thumb Code     6  dadd.o(.text)
    __aeabi_dmul                             0x080006b1   Thumb Code   228  dmul.o(.text)
    __aeabi_ddiv                             0x08000795   Thumb Code   222  ddiv.o(.text)
    __ARM_scalbn                             0x08000873   Thumb Code    46  dscalb.o(.text)
    scalbn                                   0x08000873   Thumb Code     0  dscalb.o(.text)
    __aeabi_i2d                              0x080008a1   Thumb Code    34  dflti.o(.text)
    __aeabi_ui2d                             0x080008c3   Thumb Code    26  dfltui.o(.text)
    __aeabi_d2iz                             0x080008dd   Thumb Code    62  dfixi.o(.text)
    __aeabi_llsl                             0x0800091b   Thumb Code    30  llshl.o(.text)
    _ll_shift_l                              0x0800091b   Thumb Code     0  llshl.o(.text)
    __aeabi_llsr                             0x08000939   Thumb Code    32  llushr.o(.text)
    _ll_ushift_r                             0x08000939   Thumb Code     0  llushr.o(.text)
    __aeabi_lasr                             0x08000959   Thumb Code    36  llsshr.o(.text)
    _ll_sshift_r                             0x08000959   Thumb Code     0  llsshr.o(.text)
    _chval                                   0x0800097d   Thumb Code    28  _chval.o(.text)
    _double_round                            0x08000999   Thumb Code    30  depilogue.o(.text)
    _double_epilogue                         0x080009b7   Thumb Code   156  depilogue.o(.text)
    __decompress                             0x08000a53   Thumb Code     0  __dczerorl2.o(.text)
    __decompress1                            0x08000a53   Thumb Code    86  __dczerorl2.o(.text)
    Ban                                      0x08000aa9   Thumb Code   270  hamcon.o(i.Ban)
    BanTz1Nghich                             0x08000bd5   Thumb Code   270  hamcon.o(i.BanTz1Nghich)
    BusFault_Handler                         0x08000d01   Thumb Code     4  stm32f4xx_it.o(i.BusFault_Handler)
    ChayAllV1                                0x08000d05   Thumb Code  1588  hamcon.o(i.ChayAllV1)
    ClearEncoder                             0x08001375   Thumb Code    70  config_encoder.o(i.ClearEncoder)
    ConfigEncoder                            0x080013d9   Thumb Code    34  config_encoder.o(i.ConfigEncoder)
    Config_timer67                           0x080013fd   Thumb Code    78  init_main_f4.o(i.Config_timer67)
    DMA2_Stream5_IRQHandler                  0x08001459   Thumb Code    30  stm32f4xx_it.o(i.DMA2_Stream5_IRQHandler)
    DMA_ClearITPendingBit                    0x08001489   Thumb Code    38  stm32f4xx_dma.o(i.DMA_ClearITPendingBit)
    DMA_Cmd                                  0x080014bd   Thumb Code    22  stm32f4xx_dma.o(i.DMA_Cmd)
    DMA_DeInit                               0x080014d5   Thumb Code   324  stm32f4xx_dma.o(i.DMA_DeInit)
    DMA_ITConfig                             0x0800162d   Thumb Code    58  stm32f4xx_dma.o(i.DMA_ITConfig)
    DMA_Init                                 0x08001669   Thumb Code    82  stm32f4xx_dma.o(i.DMA_Init)
    DebugMon_Handler                         0x080016c1   Thumb Code     2  stm32f4xx_it.o(i.DebugMon_Handler)
    Delay_ms_Systemtick                      0x080016c5   Thumb Code    16  delay.o(i.Delay_ms_Systemtick)
    DongCoBan                                0x080016d9   Thumb Code    24  hamcon.o(i.DongCoBan)
    DungGiuViTri                             0x080016f1   Thumb Code    68  hamcon.o(i.DungGiuViTri)
    Encoder1_Tim2_Init                       0x08001735   Thumb Code   224  config_encoder.o(i.Encoder1_Tim2_Init)
    Encoder3_Tim4_Init                       0x0800181d   Thumb Code   188  config_encoder.o(i.Encoder3_Tim4_Init)
    Encoder4_Tim5_Init                       0x080018e1   Thumb Code   184  config_encoder.o(i.Encoder4_Tim5_Init)
    GPIO_Init                                0x080019a1   Thumb Code   144  stm32f4xx_gpio.o(i.GPIO_Init)
    GPIO_PinAFConfig                         0x08001a31   Thumb Code    70  stm32f4xx_gpio.o(i.GPIO_PinAFConfig)
    GPIO_ReadInputDataBit                    0x08001a77   Thumb Code    18  stm32f4xx_gpio.o(i.GPIO_ReadInputDataBit)
    GPIO_WriteBit                            0x08001a89   Thumb Code    10  stm32f4xx_gpio.o(i.GPIO_WriteBit)
    HardFault_Handler                        0x08001a93   Thumb Code     4  stm32f4xx_it.o(i.HardFault_Handler)
    KhiNen                                   0x08001a97   Thumb Code    50  hamcon.o(i.KhiNen)
    MemManage_Handler                        0x08001ac9   Thumb Code     4  stm32f4xx_it.o(i.MemManage_Handler)
    NMI_Handler                              0x08001acd   Thumb Code     2  stm32f4xx_it.o(i.NMI_Handler)
    NVIC_Config_tim2                         0x08001acf   Thumb Code    34  config_encoder.o(i.NVIC_Config_tim2)
    NVIC_Config_tim4                         0x08001af1   Thumb Code    34  config_encoder.o(i.NVIC_Config_tim4)
    NVIC_Config_tim5                         0x08001b13   Thumb Code    34  config_encoder.o(i.NVIC_Config_tim5)
    NVIC_Init                                0x08001b35   Thumb Code   106  misc.o(i.NVIC_Init)
    NVIC_PriorityGroupConfig                 0x08001bad   Thumb Code    10  misc.o(i.NVIC_PriorityGroupConfig)
    PendSV_Handler                           0x08001bc1   Thumb Code     2  stm32f4xx_it.o(i.PendSV_Handler)
    RCC_AHB1PeriphClockCmd                   0x08001bc5   Thumb Code    26  stm32f4xx_rcc.o(i.RCC_AHB1PeriphClockCmd)
    RCC_APB1PeriphClockCmd                   0x08001be5   Thumb Code    26  stm32f4xx_rcc.o(i.RCC_APB1PeriphClockCmd)
    RCC_APB1PeriphResetCmd                   0x08001c05   Thumb Code    26  stm32f4xx_rcc.o(i.RCC_APB1PeriphResetCmd)
    RCC_APB2PeriphClockCmd                   0x08001c25   Thumb Code    26  stm32f4xx_rcc.o(i.RCC_APB2PeriphClockCmd)
    RCC_APB2PeriphResetCmd                   0x08001c45   Thumb Code    26  stm32f4xx_rcc.o(i.RCC_APB2PeriphResetCmd)
    RCC_GetClocksFreq                        0x08001c65   Thumb Code   214  stm32f4xx_rcc.o(i.RCC_GetClocksFreq)
    ReadEncoder                              0x08001d4d   Thumb Code    78  config_encoder.o(i.ReadEncoder)
    ReadLine                                 0x08001db1   Thumb Code   452  hamcon.o(i.ReadLine)
    ReadSensor                               0x08001fdd   Thumb Code    92  hamcon.o(i.ReadSensor)
    SVC_Handler                              0x0800205d   Thumb Code     2  stm32f4xx_it.o(i.SVC_Handler)
    SysTick_Handler                          0x0800214d   Thumb Code    58  stm32f4xx_it.o(i.SysTick_Handler)
    SystemInit                               0x08002199   Thumb Code    74  system_stm32f4xx.o(i.SystemInit)
    TIM2_IRQHandler                          0x08002319   Thumb Code    44  config_encoder.o(i.TIM2_IRQHandler)
    TIM3_IRQHandler                          0x08002349   Thumb Code    44  config_encoder.o(i.TIM3_IRQHandler)
    TIM4_IRQHandler                          0x0800237d   Thumb Code    44  config_encoder.o(i.TIM4_IRQHandler)
    TIM5_IRQHandler                          0x080023b1   Thumb Code    44  config_encoder.o(i.TIM5_IRQHandler)
    TIM6_DAC_IRQHandler                      0x080023e5   Thumb Code    12  stm32f4xx_it.o(i.TIM6_DAC_IRQHandler)
    TIM_ARRPreloadConfig                     0x080023f5   Thumb Code    24  stm32f4xx_tim.o(i.TIM_ARRPreloadConfig)
    TIM_ClearITPendingBit                    0x0800240d   Thumb Code     6  stm32f4xx_tim.o(i.TIM_ClearITPendingBit)
    TIM_Cmd                                  0x08002413   Thumb Code    24  stm32f4xx_tim.o(i.TIM_Cmd)
    TIM_CtrlPWMOutputs                       0x0800242b   Thumb Code    30  stm32f4xx_tim.o(i.TIM_CtrlPWMOutputs)
    TIM_EncoderInterfaceConfig               0x08002449   Thumb Code    66  stm32f4xx_tim.o(i.TIM_EncoderInterfaceConfig)
    TIM_ICInit                               0x0800248b   Thumb Code   110  stm32f4xx_tim.o(i.TIM_ICInit)
    TIM_ITConfig                             0x080024f9   Thumb Code    18  stm32f4xx_tim.o(i.TIM_ITConfig)
    TIM_OC1Init                              0x0800250d   Thumb Code   114  stm32f4xx_tim.o(i.TIM_OC1Init)
    TIM_OC1PreloadConfig                     0x08002589   Thumb Code    18  stm32f4xx_tim.o(i.TIM_OC1PreloadConfig)
    TIM_OC2Init                              0x0800259d   Thumb Code   154  stm32f4xx_tim.o(i.TIM_OC2Init)
    TIM_OC2PreloadConfig                     0x08002641   Thumb Code    26  stm32f4xx_tim.o(i.TIM_OC2PreloadConfig)
    TIM_OC3Init                              0x0800265d   Thumb Code   150  stm32f4xx_tim.o(i.TIM_OC3Init)
    TIM_OC3PreloadConfig                     0x080026fd   Thumb Code    18  stm32f4xx_tim.o(i.TIM_OC3PreloadConfig)
    TIM_OC4Init                              0x08002711   Thumb Code   112  stm32f4xx_tim.o(i.TIM_OC4Init)
    TIM_OC4PreloadConfig                     0x08002789   Thumb Code    26  stm32f4xx_tim.o(i.TIM_OC4PreloadConfig)
    TIM_SetCounter                           0x080027a3   Thumb Code     4  stm32f4xx_tim.o(i.TIM_SetCounter)
    TIM_SetIC1Prescaler                      0x080027a7   Thumb Code    18  stm32f4xx_tim.o(i.TIM_SetIC1Prescaler)
    TIM_SetIC2Prescaler                      0x080027b9   Thumb Code    26  stm32f4xx_tim.o(i.TIM_SetIC2Prescaler)
    TIM_SetIC3Prescaler                      0x080027d3   Thumb Code    18  stm32f4xx_tim.o(i.TIM_SetIC3Prescaler)
    TIM_SetIC4Prescaler                      0x080027e5   Thumb Code    26  stm32f4xx_tim.o(i.TIM_SetIC4Prescaler)
    TIM_TimeBaseInit                         0x08002801   Thumb Code   104  stm32f4xx_tim.o(i.TIM_TimeBaseInit)
    USART1_IRQHandler                        0x08002885   Thumb Code     2  stm32f4xx_it.o(i.USART1_IRQHandler)
    USART2_IRQHandler                        0x08002889   Thumb Code   662  stm32f4xx_it.o(i.USART2_IRQHandler)
    USART_ClearITPendingBit                  0x08002b49   Thumb Code    30  stm32f4xx_usart.o(i.USART_ClearITPendingBit)
    USART_Cmd                                0x08002b67   Thumb Code    24  stm32f4xx_usart.o(i.USART_Cmd)
    USART_DMACmd                             0x08002b7f   Thumb Code    18  stm32f4xx_usart.o(i.USART_DMACmd)
    USART_DeInit                             0x08002b91   Thumb Code   206  stm32f4xx_usart.o(i.USART_DeInit)
    USART_GetITStatus                        0x08002c81   Thumb Code    84  stm32f4xx_usart.o(i.USART_GetITStatus)
    USART_ITConfig                           0x08002cd5   Thumb Code    74  stm32f4xx_usart.o(i.USART_ITConfig)
    USART_Init                               0x08002d21   Thumb Code   204  stm32f4xx_usart.o(i.USART_Init)
    USART_ReceiveData                        0x08002df5   Thumb Code    10  stm32f4xx_usart.o(i.USART_ReceiveData)
    USART_SendData                           0x08002dff   Thumb Code     8  stm32f4xx_usart.o(i.USART_SendData)
    UsageFault_Handler                       0x08002e07   Thumb Code     4  stm32f4xx_it.o(i.UsageFault_Handler)
    __ARM_fpclassify                         0x08002e0b   Thumb Code    40  fpclassify.o(i.__ARM_fpclassify)
    __aeabi_errno_addr                       0x08002e35   Thumb Code     4  errno.o(i.__aeabi_errno_addr)
    __rt_errno_addr                          0x08002e35   Thumb Code     0  errno.o(i.__aeabi_errno_addr)
    __ieee754_rem_pio2                       0x08002e3d   Thumb Code   828  rred.o(i.__ieee754_rem_pio2)
    __kernel_cos                             0x080031c5   Thumb Code   230  cos_i.o(i.__kernel_cos)
    __kernel_poly                            0x080032c1   Thumb Code   170  poly.o(i.__kernel_poly)
    __kernel_sin                             0x0800336d   Thumb Code   224  sin_i.o(i.__kernel_sin)
    __mathlib_dbl_infnan                     0x08003459   Thumb Code     6  dunder.o(i.__mathlib_dbl_infnan)
    __mathlib_dbl_invalid                    0x0800345f   Thumb Code    12  dunder.o(i.__mathlib_dbl_invalid)
    __mathlib_dbl_underflow                  0x0800346d   Thumb Code    10  dunder.o(i.__mathlib_dbl_underflow)
    __scatterload_copy                       0x0800347d   Thumb Code    14  handlers.o(i.__scatterload_copy)
    __scatterload_null                       0x0800348b   Thumb Code     2  handlers.o(i.__scatterload_null)
    __scatterload_zeroinit                   0x0800348d   Thumb Code    14  handlers.o(i.__scatterload_zeroinit)
    __set_errno                              0x0800349d   Thumb Code     6  errno.o(i.__set_errno)
    config_uart1                             0x080034a9   Thumb Code   276  init_main_f4.o(i.config_uart1)
    config_uart2                             0x080035dd   Thumb Code   154  init_main_f4.o(i.config_uart2)
    config_uart3                             0x08003689   Thumb Code   118  init_main_f4.o(i.config_uart3)
    cos                                      0x08003711   Thumb Code   148  cos.o(i.cos)
    giugoc                                   0x080037c9   Thumb Code   414  hamcon.o(i.giugoc)
    gpio_Config                              0x08003975   Thumb Code   164  init_main_f4.o(i.gpio_Config)
    gpio_Pc                                  0x08003a31   Thumb Code    62  pwm_gpio.o(i.gpio_Pc)
    gpio_Pe                                  0x08003a75   Thumb Code    98  pwm_gpio.o(i.gpio_Pe)
    lcd_Control_Write                        0x08003add   Thumb Code    24  lcd.o(i.lcd_Control_Write)
    lcd_Init                                 0x08003af9   Thumb Code   106  lcd.o(i.lcd_Init)
    lcd_Init_HW                              0x08003b65   Thumb Code   118  lcd.o(i.lcd_Init_HW)
    lcd_data_line_write                      0x08003be1   Thumb Code   318  lcd.o(i.lcd_data_line_write)
    main                                     0x08003d25   Thumb Code   166  main.o(i.main)
    pwm_Config                               0x08003de5   Thumb Code   382  init_main_f4.o(i.pwm_Config)
    pwm_Pa                                   0x08003f85   Thumb Code    28  pwm_gpio.o(i.pwm_Pa)
    pwm_Pb                                   0x08003fa5   Thumb Code    26  pwm_gpio.o(i.pwm_Pb)
    pwm_Pe                                   0x08003fc5   Thumb Code    46  pwm_gpio.o(i.pwm_Pe)
    tinhtiencolaban                          0x08003ff9   Thumb Code   950  hamcon.o(i.tinhtiencolaban)
    __ctype_table                            0x08004518   Data         129  ctype_o.o(.constdata)
    Region$$Table$$Base                      0x080045a0   Number         0  anon$$obj.o(Region$$Table)
    Region$$Table$$Limit                     0x080045c0   Number         0  anon$$obj.o(Region$$Table)
    i                                        0x20000000   Data           4  main.o(.data)
    demlcd                                   0x20000004   Data           4  main.o(.data)
    ttssk0                                   0x20000008   Data           4  main.o(.data)
    ttswk1                                   0x2000000c   Data           4  main.o(.data)
    ttkup                                    0x20000010   Data           4  main.o(.data)
    rxdata1_index                            0x20000014   Data           1  main.o(.data)
    demss1                                   0x20000018   Data           4  main.o(.data)
    demss2                                   0x2000001c   Data           4  main.o(.data)
    demss3                                   0x20000020   Data           4  main.o(.data)
    demss4                                   0x20000024   Data           4  main.o(.data)
    demss5                                   0x20000028   Data           4  main.o(.data)
    demss6                                   0x2000002c   Data           4  main.o(.data)
    demss7                                   0x20000030   Data           4  main.o(.data)
    demss8                                   0x20000034   Data           4  main.o(.data)
    sensor1                                  0x20000038   Data           4  main.o(.data)
    sensor2                                  0x2000003c   Data           4  main.o(.data)
    sensor3                                  0x20000040   Data           4  main.o(.data)
    sensor4                                  0x20000044   Data           4  main.o(.data)
    sensor5                                  0x20000048   Data           4  main.o(.data)
    sensor6                                  0x2000004c   Data           4  main.o(.data)
    sensor7                                  0x20000050   Data           4  main.o(.data)
    ss1                                      0x20000054   Data           1  main.o(.data)
    ss2                                      0x20000055   Data           1  main.o(.data)
    ss3                                      0x20000056   Data           1  main.o(.data)
    ss4                                      0x20000057   Data           1  main.o(.data)
    ss5                                      0x20000058   Data           1  main.o(.data)
    ss6                                      0x20000059   Data           1  main.o(.data)
    ss7                                      0x2000005a   Data           1  main.o(.data)
    ss8                                      0x2000005b   Data           1  main.o(.data)
    tt                                       0x2000005c   Data           1  main.o(.data)
    step                                     0x2000005d   Data           1  main.o(.data)
    swk0                                     0x2000005e   Data           1  main.o(.data)
    swk1                                     0x2000005f   Data           1  main.o(.data)
    swkup                                    0x20000060   Data           1  main.o(.data)
    ena                                      0x20000061   Data           1  main.o(.data)
    sendrx                                   0x20000062   Data           1  main.o(.data)
    vquay                                    0x20000063   Data           1  main.o(.data)
    ena1                                     0x20000064   Data           1  main.o(.data)
    ena2                                     0x20000065   Data           1  main.o(.data)
    ena3                                     0x20000066   Data           1  main.o(.data)
    ena4                                     0x20000067   Data           1  main.o(.data)
    ena5                                     0x20000068   Data           1  main.o(.data)
    ena6                                     0x20000069   Data           1  main.o(.data)
    stepban                                  0x2000006a   Data           1  main.o(.data)
    gocset2                                  0x2000006c   Data           2  main.o(.data)
    goclech2                                 0x2000006e   Data           2  main.o(.data)
    gocrb                                    0x20000070   Data           2  main.o(.data)
    vantocquay                               0x20000072   Data           2  main.o(.data)
    goclabanget                              0x20000074   Data           2  main.o(.data)
    tick_time_gu32                           0x20000078   Data           4  main.o(.data)
    TimeDelay                                0x2000007c   Data           4  main.o(.data)
    timer                                    0x20000080   Data           4  main.o(.data)
    TestencoderTimer3                        0x20000084   Data           4  main.o(.data)
    TestencoderTimer2                        0x20000088   Data           4  main.o(.data)
    TestencoderTimer4                        0x2000008c   Data           4  main.o(.data)
    TestencoderTimer5                        0x20000090   Data           4  main.o(.data)
    tangtocban                               0x20000094   Data           4  main.o(.data)
    giamtocban                               0x20000098   Data           4  main.o(.data)
    giamtoclaycon                            0x2000009c   Data           4  main.o(.data)
    nhandata                                 0x200000a0   Data           4  main.o(.data)
    vecto1                                   0x200000a4   Data           4  main.o(.data)
    vecto2                                   0x200000a8   Data           4  main.o(.data)
    vecto3                                   0x200000ac   Data           4  main.o(.data)
    vecto4                                   0x200000b0   Data           4  main.o(.data)
    var_i                                    0x200000b4   Data           4  main.o(.data)
    getchar_u8                               0x200000b8   Data           1  main.o(.data)
    JoysticXL                                0x200000b9   Data           1  main.o(.data)
    JoysticYL                                0x200000ba   Data           1  main.o(.data)
    JoysticXR                                0x200000bb   Data           1  main.o(.data)
    JoysticYR                                0x200000bc   Data           1  main.o(.data)
    rxdata1                                  0x200000bd   Data           2  stm32f4xx_it.o(.data)
    stepquay                                 0x200000c0   Data           1  hamcon.o(.data)
    stepchayve                               0x200000c1   Data           1  hamcon.o(.data)
    x1                                       0x200000c4   Data           4  hamcon.o(.data)
    x2                                       0x200000c8   Data           4  hamcon.o(.data)
    x3                                       0x200000cc   Data           4  hamcon.o(.data)
    x4                                       0x200000d0   Data           4  hamcon.o(.data)
    x5                                       0x200000d4   Data           4  hamcon.o(.data)
    x6                                       0x200000d8   Data           4  hamcon.o(.data)
    x7                                       0x200000dc   Data           4  hamcon.o(.data)
    x8                                       0x200000e0   Data           4  hamcon.o(.data)
    x9                                       0x200000e4   Data           4  hamcon.o(.data)
    x10                                      0x200000e8   Data           4  hamcon.o(.data)
    x11                                      0x200000ec   Data           4  hamcon.o(.data)
    x12                                      0x200000f0   Data           4  hamcon.o(.data)
    xdiemmoc1                                0x200000f4   Data           4  hamcon.o(.data)
    xdiemmoc2                                0x200000f8   Data           4  hamcon.o(.data)
    lanbantz1                                0x200000fc   Data           4  hamcon.o(.data)
    lanbantz2                                0x20000100   Data           4  hamcon.o(.data)
    lanbantz3                                0x20000104   Data           4  hamcon.o(.data)
    readencoder                              0x20000108   Data           4  hamcon.o(.data)
    diemkhong                                0x2000010c   Data           4  hamcon.o(.data)
    diemlaycon                               0x20000110   Data           4  hamcon.o(.data)
    diemdung                                 0x20000114   Data           4  hamcon.o(.data)
    diemnhacon                               0x20000118   Data           4  hamcon.o(.data)
    tocdothucban                             0x2000011c   Data           4  hamcon.o(.data)
    hesogiatoc                               0x20000120   Data           1  hamcon.o(.data)
    xungdemduoc                              0x20000124   Data           4  hamcon.o(.data)
    ttss1                                    0x20000128   Data           4  hamcon.o(.data)
    ttss2                                    0x2000012c   Data           4  hamcon.o(.data)
    ttss3                                    0x20000130   Data           4  hamcon.o(.data)
    ttss4                                    0x20000134   Data           4  hamcon.o(.data)
    ttss5                                    0x20000138   Data           4  hamcon.o(.data)
    ttss6                                    0x2000013c   Data           4  hamcon.o(.data)
    ttss7                                    0x20000140   Data           4  hamcon.o(.data)
    ttss8                                    0x20000144   Data           4  hamcon.o(.data)
    goclech                                  0x20000148   Data           2  hamcon.o(.data)
    vtt                                      0x2000014c   Data           4  hamcon.o(.data)
    vtt1                                     0x20000150   Data           4  hamcon.o(.data)
    vtt2                                     0x20000154   Data           4  hamcon.o(.data)
    vtt3                                     0x20000158   Data           4  hamcon.o(.data)
    vtt4                                     0x2000015c   Data           4  hamcon.o(.data)
    stepchay                                 0x20000160   Data           4  hamcon.o(.data)
    dir1                                     0x20000164   Data           4  hamcon.o(.data)
    dir2                                     0x20000168   Data           4  hamcon.o(.data)
    dir3                                     0x2000016c   Data           4  hamcon.o(.data)
    dir4                                     0x20000170   Data           4  hamcon.o(.data)
    buoctocdoban                             0x20000174   Data           4  hamcon.o(.data)
    hesotocdoban                             0x20000178   Data           4  hamcon.o(.data)
    hesodiemgiatoc                           0x2000017c   Data           4  hamcon.o(.data)
    Pi                                       0x20000180   Data           4  hamcon.o(.data)
    Gocradian                                0x20000184   Data           4  hamcon.o(.data)
    _so_vong_e1                              0x20000188   Data           4  config_encoder.o(.data)
    _so_vong_e2                              0x2000018c   Data           4  config_encoder.o(.data)
    _so_vong_e3                              0x20000190   Data           4  config_encoder.o(.data)
    _so_vong_e4                              0x20000194   Data           4  config_encoder.o(.data)
    GPIO_InitStructure                       0x20000198   Data           8  init_main_f4.o(.data)
    NVIC_InitStructure                       0x200001a0   Data           4  init_main_f4.o(.data)
    SystemCoreClock                          0x200001b4   Data           4  system_stm32f4xx.o(.data)
    AHBPrescTable                            0x200001b8   Data          16  system_stm32f4xx.o(.data)
    line                                     0x200001cc   Data          15  main.o(.bss)
    swread                                   0x200001db   Data          20  main.o(.bss)
    trangthaichay                            0x200001ef   Data          10  main.o(.bss)
    goc                                      0x200001f9   Data          20  main.o(.bss)
    demlinedong1                             0x2000020d   Data          20  main.o(.bss)
    demlinedong2                             0x20000221   Data          20  main.o(.bss)
    modelcd                                  0x20000235   Data          20  main.o(.bss)
    speed                                    0x20000249   Data          20  main.o(.bss)
    goc2                                     0x2000025d   Data          20  main.o(.bss)
    encoder                                  0x20000271   Data          20  main.o(.bss)
    vector1                                  0x20000285   Data          20  main.o(.bss)
    vector2                                  0x20000299   Data          20  main.o(.bss)
    vector3                                  0x200002ad   Data          20  main.o(.bss)
    vector4                                  0x200002c1   Data          20  main.o(.bss)
    received_string                          0x200002d5   Data         101  main.o(.bss)
    str_rev                                  0x2000033a   Data         100  main.o(.bss)
    str                                      0x2000039e   Data         100  main.o(.bss)
    TIM_TimeBaseStructure                    0x20000404   Data          12  init_main_f4.o(.bss)
    TIM_OCInitStructure                      0x20000410   Data          20  init_main_f4.o(.bss)
    USART_InitStructure                      0x20000424   Data          16  init_main_f4.o(.bss)
    DMA_InitStructure                        0x20000434   Data          60  init_main_f4.o(.bss)
    RX_USART1                                0x20000470   Data          15  init_main_f4.o(.bss)
    __initial_sp                             0x20000880   Data           0  startup_stm32f40xx.o(STACK)



==============================================================================

Memory Map of the image

  Image Entry point : 0x08000189

  Load Region LR_IROM1 (Base: 0x08000000, Size: 0x0000478c, Max: 0x00080000, ABSOLUTE, COMPRESSED[0x000045e4])

    Execution Region ER_IROM1 (Exec base: 0x08000000, Load base: 0x08000000, Size: 0x000045c0, Max: 0x00080000, ABSOLUTE)

    Exec Addr    Load Addr    Size         Type   Attr      Idx    E Section Name        Object

    0x08000000   0x08000000   0x00000188   Data   RO         2223    RESET               startup_stm32f40xx.o
    0x08000188   0x08000188   0x00000000   Code   RO         2277  * .ARM.Collect$$$$00000000  mc_w.l(entry.o)
    0x08000188   0x08000188   0x00000004   Code   RO         2326    .ARM.Collect$$$$00000001  mc_w.l(entry2.o)
    0x0800018c   0x0800018c   0x00000004   Code   RO         2329    .ARM.Collect$$$$00000004  mc_w.l(entry5.o)
    0x08000190   0x08000190   0x00000000   Code   RO         2331    .ARM.Collect$$$$00000008  mc_w.l(entry7b.o)
    0x08000190   0x08000190   0x00000000   Code   RO         2333    .ARM.Collect$$$$0000000A  mc_w.l(entry8b.o)
    0x08000190   0x08000190   0x00000008   Code   RO         2334    .ARM.Collect$$$$0000000B  mc_w.l(entry9a.o)
    0x08000198   0x08000198   0x00000000   Code   RO         2336    .ARM.Collect$$$$0000000D  mc_w.l(entry10a.o)
    0x08000198   0x08000198   0x00000000   Code   RO         2338    .ARM.Collect$$$$0000000F  mc_w.l(entry11a.o)
    0x08000198   0x08000198   0x00000004   Code   RO         2327    .ARM.Collect$$$$00002712  mc_w.l(entry2.o)
    0x0800019c   0x0800019c   0x00000024   Code   RO         2224    .text               startup_stm32f40xx.o
    0x080001c0   0x080001c0   0x0000001a   Code   RO         2280    .text               mc_w.l(atoi.o)
    0x080001da   0x080001da   0x000000b0   Code   RO         2282    .text               mf_w.l(fadd.o)
    0x0800028a   0x0800028a   0x00000064   Code   RO         2284    .text               mf_w.l(fmul.o)
    0x080002ee   0x080002ee   0x00000012   Code   RO         2286    .text               mf_w.l(fflti.o)
    0x08000300   0x08000300   0x00000032   Code   RO         2288    .text               mf_w.l(ffixi.o)
    0x08000332   0x08000332   0x00000026   Code   RO         2290    .text               mf_w.l(f2d.o)
    0x08000358   0x08000358   0x00000038   Code   RO         2292    .text               mf_w.l(d2f.o)
    0x08000390   0x08000390   0x00000014   Code   RO         2294    .text               mf_w.l(cfcmple.o)
    0x080003a4   0x080003a4   0x00000014   Code   RO         2296    .text               mf_w.l(cfrcmple.o)
    0x080003b8   0x080003b8   0x00000070   Code   RO         2347    .text               mc_w.l(strtol.o)
    0x08000428   0x08000428   0x00000000   Code   RO         2349    .text               mc_w.l(iusefp.o)
    0x08000428   0x08000428   0x0000006e   Code   RO         2350    .text               mf_w.l(fepilogue.o)
    0x08000496   0x08000496   0x00000002   PAD
    0x08000498   0x08000498   0x00000024   Code   RO         2356    .text               mc_w.l(init.o)
    0x080004bc   0x080004bc   0x00000008   Code   RO         2358    .text               mc_w.l(ctype_o.o)
    0x080004c4   0x080004c4   0x0000009e   Code   RO         2386    .text               mc_w.l(_strtoul.o)
    0x08000562   0x08000562   0x0000014e   Code   RO         2388    .text               mf_w.l(dadd.o)
    0x080006b0   0x080006b0   0x000000e4   Code   RO         2390    .text               mf_w.l(dmul.o)
    0x08000794   0x08000794   0x000000de   Code   RO         2392    .text               mf_w.l(ddiv.o)
    0x08000872   0x08000872   0x0000002e   Code   RO         2394    .text               mf_w.l(dscalb.o)
    0x080008a0   0x080008a0   0x00000022   Code   RO         2396    .text               mf_w.l(dflti.o)
    0x080008c2   0x080008c2   0x0000001a   Code   RO         2398    .text               mf_w.l(dfltui.o)
    0x080008dc   0x080008dc   0x0000003e   Code   RO         2400    .text               mf_w.l(dfixi.o)
    0x0800091a   0x0800091a   0x0000001e   Code   RO         2402    .text               mc_w.l(llshl.o)
    0x08000938   0x08000938   0x00000020   Code   RO         2404    .text               mc_w.l(llushr.o)
    0x08000958   0x08000958   0x00000024   Code   RO         2406    .text               mc_w.l(llsshr.o)
    0x0800097c   0x0800097c   0x0000001c   Code   RO         2408    .text               mc_w.l(_chval.o)
    0x08000998   0x08000998   0x000000ba   Code   RO         2410    .text               mf_w.l(depilogue.o)
    0x08000a52   0x08000a52   0x00000056   Code   RO         2420    .text               mc_w.l(__dczerorl2.o)
    0x08000aa8   0x08000aa8   0x0000012c   Code   RO          377    i.Ban               hamcon.o
    0x08000bd4   0x08000bd4   0x0000012c   Code   RO          378    i.BanTz1Nghich      hamcon.o
    0x08000d00   0x08000d00   0x00000004   Code   RO          200    i.BusFault_Handler  stm32f4xx_it.o
    0x08000d04   0x08000d04   0x00000670   Code   RO          379    i.ChayAllV1         hamcon.o
    0x08001374   0x08001374   0x00000064   Code   RO          587    i.ClearEncoder      config_encoder.o
    0x080013d8   0x080013d8   0x00000022   Code   RO          588    i.ConfigEncoder     config_encoder.o
    0x080013fa   0x080013fa   0x00000002   PAD
    0x080013fc   0x080013fc   0x0000005c   Code   RO          699    i.Config_timer67    init_main_f4.o
    0x08001458   0x08001458   0x00000030   Code   RO          201    i.DMA2_Stream5_IRQHandler  stm32f4xx_it.o
    0x08001488   0x08001488   0x00000034   Code   RO          829    i.DMA_ClearITPendingBit  stm32f4xx_dma.o
    0x080014bc   0x080014bc   0x00000016   Code   RO          830    i.DMA_Cmd           stm32f4xx_dma.o
    0x080014d2   0x080014d2   0x00000002   PAD
    0x080014d4   0x080014d4   0x00000158   Code   RO          831    i.DMA_DeInit        stm32f4xx_dma.o
    0x0800162c   0x0800162c   0x0000003a   Code   RO          841    i.DMA_ITConfig      stm32f4xx_dma.o
    0x08001666   0x08001666   0x00000002   PAD
    0x08001668   0x08001668   0x00000058   Code   RO          842    i.DMA_Init          stm32f4xx_dma.o
    0x080016c0   0x080016c0   0x00000002   Code   RO          202    i.DebugMon_Handler  stm32f4xx_it.o
    0x080016c2   0x080016c2   0x00000002   PAD
    0x080016c4   0x080016c4   0x00000014   Code   RO          171    i.Delay_ms_Systemtick  delay.o
    0x080016d8   0x080016d8   0x00000018   Code   RO          380    i.DongCoBan         hamcon.o
    0x080016f0   0x080016f0   0x00000044   Code   RO          381    i.DungGiuViTri      hamcon.o
    0x08001734   0x08001734   0x000000e8   Code   RO          589    i.Encoder1_Tim2_Init  config_encoder.o
    0x0800181c   0x0800181c   0x000000c4   Code   RO          591    i.Encoder3_Tim4_Init  config_encoder.o
    0x080018e0   0x080018e0   0x000000c0   Code   RO          592    i.Encoder4_Tim5_Init  config_encoder.o
    0x080019a0   0x080019a0   0x00000090   Code   RO         1027    i.GPIO_Init         stm32f4xx_gpio.o
    0x08001a30   0x08001a30   0x00000046   Code   RO         1028    i.GPIO_PinAFConfig  stm32f4xx_gpio.o
    0x08001a76   0x08001a76   0x00000012   Code   RO         1031    i.GPIO_ReadInputDataBit  stm32f4xx_gpio.o
    0x08001a88   0x08001a88   0x0000000a   Code   RO         1039    i.GPIO_WriteBit     stm32f4xx_gpio.o
    0x08001a92   0x08001a92   0x00000004   Code   RO          203    i.HardFault_Handler  stm32f4xx_it.o
    0x08001a96   0x08001a96   0x00000032   Code   RO          382    i.KhiNen            hamcon.o
    0x08001ac8   0x08001ac8   0x00000004   Code   RO          204    i.MemManage_Handler  stm32f4xx_it.o
    0x08001acc   0x08001acc   0x00000002   Code   RO          205    i.NMI_Handler       stm32f4xx_it.o
    0x08001ace   0x08001ace   0x00000022   Code   RO          593    i.NVIC_Config_tim2  config_encoder.o
    0x08001af0   0x08001af0   0x00000022   Code   RO          595    i.NVIC_Config_tim4  config_encoder.o
    0x08001b12   0x08001b12   0x00000022   Code   RO          596    i.NVIC_Config_tim5  config_encoder.o
    0x08001b34   0x08001b34   0x00000078   Code   RO          780    i.NVIC_Init         misc.o
    0x08001bac   0x08001bac   0x00000014   Code   RO          781    i.NVIC_PriorityGroupConfig  misc.o
    0x08001bc0   0x08001bc0   0x00000002   Code   RO          206    i.PendSV_Handler    stm32f4xx_it.o
    0x08001bc2   0x08001bc2   0x00000002   PAD
    0x08001bc4   0x08001bc4   0x00000020   Code   RO         1128    i.RCC_AHB1PeriphClockCmd  stm32f4xx_rcc.o
    0x08001be4   0x08001be4   0x00000020   Code   RO         1137    i.RCC_APB1PeriphClockCmd  stm32f4xx_rcc.o
    0x08001c04   0x08001c04   0x00000020   Code   RO         1139    i.RCC_APB1PeriphResetCmd  stm32f4xx_rcc.o
    0x08001c24   0x08001c24   0x00000020   Code   RO         1140    i.RCC_APB2PeriphClockCmd  stm32f4xx_rcc.o
    0x08001c44   0x08001c44   0x00000020   Code   RO         1142    i.RCC_APB2PeriphResetCmd  stm32f4xx_rcc.o
    0x08001c64   0x08001c64   0x000000e8   Code   RO         1149    i.RCC_GetClocksFreq  stm32f4xx_rcc.o
    0x08001d4c   0x08001d4c   0x00000064   Code   RO          597    i.ReadEncoder       config_encoder.o
    0x08001db0   0x08001db0   0x0000022c   Code   RO          383    i.ReadLine          hamcon.o
    0x08001fdc   0x08001fdc   0x00000080   Code   RO          384    i.ReadSensor        hamcon.o
    0x0800205c   0x0800205c   0x00000002   Code   RO          207    i.SVC_Handler       stm32f4xx_it.o
    0x0800205e   0x0800205e   0x00000002   PAD
    0x08002060   0x08002060   0x000000ec   Code   RO         2231    i.SetSysClock       system_stm32f4xx.o
    0x0800214c   0x0800214c   0x0000004c   Code   RO          208    i.SysTick_Handler   stm32f4xx_it.o
    0x08002198   0x08002198   0x0000005c   Code   RO         2233    i.SystemInit        system_stm32f4xx.o
    0x080021f4   0x080021f4   0x0000003a   Code   RO         1466    i.TI1_Config        stm32f4xx_tim.o
    0x0800222e   0x0800222e   0x00000050   Code   RO         1467    i.TI2_Config        stm32f4xx_tim.o
    0x0800227e   0x0800227e   0x00000048   Code   RO         1468    i.TI3_Config        stm32f4xx_tim.o
    0x080022c6   0x080022c6   0x00000050   Code   RO         1469    i.TI4_Config        stm32f4xx_tim.o
    0x08002316   0x08002316   0x00000002   PAD
    0x08002318   0x08002318   0x00000030   Code   RO          598    i.TIM2_IRQHandler   config_encoder.o
    0x08002348   0x08002348   0x00000034   Code   RO          599    i.TIM3_IRQHandler   config_encoder.o
    0x0800237c   0x0800237c   0x00000034   Code   RO          600    i.TIM4_IRQHandler   config_encoder.o
    0x080023b0   0x080023b0   0x00000034   Code   RO          601    i.TIM5_IRQHandler   config_encoder.o
    0x080023e4   0x080023e4   0x00000010   Code   RO          209    i.TIM6_DAC_IRQHandler  stm32f4xx_it.o
    0x080023f4   0x080023f4   0x00000018   Code   RO         1470    i.TIM_ARRPreloadConfig  stm32f4xx_tim.o
    0x0800240c   0x0800240c   0x00000006   Code   RO         1477    i.TIM_ClearITPendingBit  stm32f4xx_tim.o
    0x08002412   0x08002412   0x00000018   Code   RO         1482    i.TIM_Cmd           stm32f4xx_tim.o
    0x0800242a   0x0800242a   0x0000001e   Code   RO         1484    i.TIM_CtrlPWMOutputs  stm32f4xx_tim.o
    0x08002448   0x08002448   0x00000042   Code   RO         1491    i.TIM_EncoderInterfaceConfig  stm32f4xx_tim.o
    0x0800248a   0x0800248a   0x0000006e   Code   RO         1505    i.TIM_ICInit        stm32f4xx_tim.o
    0x080024f8   0x080024f8   0x00000012   Code   RO         1507    i.TIM_ITConfig      stm32f4xx_tim.o
    0x0800250a   0x0800250a   0x00000002   PAD
    0x0800250c   0x0800250c   0x0000007c   Code   RO         1511    i.TIM_OC1Init       stm32f4xx_tim.o
    0x08002588   0x08002588   0x00000012   Code   RO         1514    i.TIM_OC1PreloadConfig  stm32f4xx_tim.o
    0x0800259a   0x0800259a   0x00000002   PAD
    0x0800259c   0x0800259c   0x000000a4   Code   RO         1516    i.TIM_OC2Init       stm32f4xx_tim.o
    0x08002640   0x08002640   0x0000001a   Code   RO         1519    i.TIM_OC2PreloadConfig  stm32f4xx_tim.o
    0x0800265a   0x0800265a   0x00000002   PAD
    0x0800265c   0x0800265c   0x000000a0   Code   RO         1521    i.TIM_OC3Init       stm32f4xx_tim.o
    0x080026fc   0x080026fc   0x00000012   Code   RO         1524    i.TIM_OC3PreloadConfig  stm32f4xx_tim.o
    0x0800270e   0x0800270e   0x00000002   PAD
    0x08002710   0x08002710   0x00000078   Code   RO         1526    i.TIM_OC4Init       stm32f4xx_tim.o
    0x08002788   0x08002788   0x0000001a   Code   RO         1528    i.TIM_OC4PreloadConfig  stm32f4xx_tim.o
    0x080027a2   0x080027a2   0x00000004   Code   RO         1548    i.TIM_SetCounter    stm32f4xx_tim.o
    0x080027a6   0x080027a6   0x00000012   Code   RO         1549    i.TIM_SetIC1Prescaler  stm32f4xx_tim.o
    0x080027b8   0x080027b8   0x0000001a   Code   RO         1550    i.TIM_SetIC2Prescaler  stm32f4xx_tim.o
    0x080027d2   0x080027d2   0x00000012   Code   RO         1551    i.TIM_SetIC3Prescaler  stm32f4xx_tim.o
    0x080027e4   0x080027e4   0x0000001a   Code   RO         1552    i.TIM_SetIC4Prescaler  stm32f4xx_tim.o
    0x080027fe   0x080027fe   0x00000002   PAD
    0x08002800   0x08002800   0x00000084   Code   RO         1554    i.TIM_TimeBaseInit  stm32f4xx_tim.o
    0x08002884   0x08002884   0x00000002   Code   RO          210    i.USART1_IRQHandler  stm32f4xx_it.o
    0x08002886   0x08002886   0x00000002   PAD
    0x08002888   0x08002888   0x000002c0   Code   RO          211    i.USART2_IRQHandler  stm32f4xx_it.o
    0x08002b48   0x08002b48   0x0000001e   Code   RO         2033    i.USART_ClearITPendingBit  stm32f4xx_usart.o
    0x08002b66   0x08002b66   0x00000018   Code   RO         2036    i.USART_Cmd         stm32f4xx_usart.o
    0x08002b7e   0x08002b7e   0x00000012   Code   RO         2037    i.USART_DMACmd      stm32f4xx_usart.o
    0x08002b90   0x08002b90   0x000000f0   Code   RO         2038    i.USART_DeInit      stm32f4xx_usart.o
    0x08002c80   0x08002c80   0x00000054   Code   RO         2040    i.USART_GetITStatus  stm32f4xx_usart.o
    0x08002cd4   0x08002cd4   0x0000004a   Code   RO         2042    i.USART_ITConfig    stm32f4xx_usart.o
    0x08002d1e   0x08002d1e   0x00000002   PAD
    0x08002d20   0x08002d20   0x000000d4   Code   RO         2043    i.USART_Init        stm32f4xx_usart.o
    0x08002df4   0x08002df4   0x0000000a   Code   RO         2050    i.USART_ReceiveData  stm32f4xx_usart.o
    0x08002dfe   0x08002dfe   0x00000008   Code   RO         2053    i.USART_SendData    stm32f4xx_usart.o
    0x08002e06   0x08002e06   0x00000004   Code   RO          212    i.UsageFault_Handler  stm32f4xx_it.o
    0x08002e0a   0x08002e0a   0x00000028   Code   RO         2352    i.__ARM_fpclassify  m_ws.l(fpclassify.o)
    0x08002e32   0x08002e32   0x00000002   PAD
    0x08002e34   0x08002e34   0x00000008   Code   RO         2340    i.__aeabi_errno_addr  mc_w.l(errno.o)
    0x08002e3c   0x08002e3c   0x00000388   Code   RO         2315    i.__ieee754_rem_pio2  m_ws.l(rred.o)
    0x080031c4   0x080031c4   0x000000fc   Code   RO         2298    i.__kernel_cos      m_ws.l(cos_i.o)
    0x080032c0   0x080032c0   0x000000aa   Code   RO         2354    i.__kernel_poly     m_ws.l(poly.o)
    0x0800336a   0x0800336a   0x00000002   PAD
    0x0800336c   0x0800336c   0x000000ec   Code   RO         2320    i.__kernel_sin      m_ws.l(sin_i.o)
    0x08003458   0x08003458   0x00000006   Code   RO         2302    i.__mathlib_dbl_infnan  m_ws.l(dunder.o)
    0x0800345e   0x0800345e   0x0000000c   Code   RO         2304    i.__mathlib_dbl_invalid  m_ws.l(dunder.o)
    0x0800346a   0x0800346a   0x00000002   PAD
    0x0800346c   0x0800346c   0x00000010   Code   RO         2307    i.__mathlib_dbl_underflow  m_ws.l(dunder.o)
    0x0800347c   0x0800347c   0x0000000e   Code   RO         2414    i.__scatterload_copy  mc_w.l(handlers.o)
    0x0800348a   0x0800348a   0x00000002   Code   RO         2415    i.__scatterload_null  mc_w.l(handlers.o)
    0x0800348c   0x0800348c   0x0000000e   Code   RO         2416    i.__scatterload_zeroinit  mc_w.l(handlers.o)
    0x0800349a   0x0800349a   0x00000002   PAD
    0x0800349c   0x0800349c   0x0000000c   Code   RO         2342    i.__set_errno       mc_w.l(errno.o)
    0x080034a8   0x080034a8   0x00000134   Code   RO          700    i.config_uart1      init_main_f4.o
    0x080035dc   0x080035dc   0x000000ac   Code   RO          701    i.config_uart2      init_main_f4.o
    0x08003688   0x08003688   0x00000088   Code   RO          702    i.config_uart3      init_main_f4.o
    0x08003710   0x08003710   0x0000009c   Code   RO         2270    i.cos               m_ws.l(cos.o)
    0x080037ac   0x080037ac   0x0000001c   Code   RO          510    i.delay             lcd.o
    0x080037c8   0x080037c8   0x000001ac   Code   RO          389    i.giugoc            hamcon.o
    0x08003974   0x08003974   0x000000bc   Code   RO          706    i.gpio_Config       init_main_f4.o
    0x08003a30   0x08003a30   0x00000044   Code   RO          313    i.gpio_Pc           pwm_gpio.o
    0x08003a74   0x08003a74   0x00000068   Code   RO          315    i.gpio_Pe           pwm_gpio.o
    0x08003adc   0x08003adc   0x0000001c   Code   RO          512    i.lcd_Control_Write  lcd.o
    0x08003af8   0x08003af8   0x0000006a   Code   RO          516    i.lcd_Init          lcd.o
    0x08003b62   0x08003b62   0x00000002   PAD
    0x08003b64   0x08003b64   0x0000007c   Code   RO          517    i.lcd_Init_HW       lcd.o
    0x08003be0   0x08003be0   0x00000144   Code   RO          519    i.lcd_data_line_write  lcd.o
    0x08003d24   0x08003d24   0x000000c0   Code   RO            5    i.main              main.o
    0x08003de4   0x08003de4   0x000001a0   Code   RO          707    i.pwm_Config        init_main_f4.o
    0x08003f84   0x08003f84   0x00000020   Code   RO          316    i.pwm_Pa            pwm_gpio.o
    0x08003fa4   0x08003fa4   0x00000020   Code   RO          317    i.pwm_Pb            pwm_gpio.o
    0x08003fc4   0x08003fc4   0x00000034   Code   RO          318    i.pwm_Pe            pwm_gpio.o
    0x08003ff8   0x08003ff8   0x00000400   Code   RO          391    i.tinhtiencolaban   hamcon.o
    0x080043f8   0x080043f8   0x00000030   Data   RO         2299    .constdata          m_ws.l(cos_i.o)
    0x08004428   0x08004428   0x000000c8   Data   RO         2317    .constdata          m_ws.l(rred.o)
    0x080044f0   0x080044f0   0x00000028   Data   RO         2321    .constdata          m_ws.l(sin_i.o)
    0x08004518   0x08004518   0x00000081   Data   RO         2359    .constdata          mc_w.l(ctype_o.o)
    0x08004599   0x08004599   0x00000003   PAD
    0x0800459c   0x0800459c   0x00000004   Data   RO         2360    .constdata          mc_w.l(ctype_o.o)
    0x080045a0   0x080045a0   0x00000020   Data   RO         2412    Region$$Table       anon$$obj.o


    Execution Region RW_IRAM1 (Exec base: 0x20000000, Load base: 0x080045c0, Size: 0x00000880, Max: 0x00020000, ABSOLUTE, COMPRESSED[0x00000024])

    Exec Addr    Load Addr    Size         Type   Attr      Idx    E Section Name        Object

    0x20000000   COMPRESSED   0x000000bd   Data   RW            7    .data               main.o
    0x200000bd   COMPRESSED   0x00000003   Data   RW          214    .data               stm32f4xx_it.o
    0x200000c0   COMPRESSED   0x000000c8   Data   RW          395    .data               hamcon.o
    0x20000188   COMPRESSED   0x00000010   Data   RW          602    .data               config_encoder.o
    0x20000198   COMPRESSED   0x0000000c   Data   RW          709    .data               init_main_f4.o
    0x200001a4   COMPRESSED   0x00000010   Data   RW         1181    .data               stm32f4xx_rcc.o
    0x200001b4   COMPRESSED   0x00000014   Data   RW         2234    .data               system_stm32f4xx.o
    0x200001c8   COMPRESSED   0x00000004   Data   RW         2343    .data               mc_w.l(errno.o)
    0x200001cc        -       0x00000236   Zero   RW            6    .bss                main.o
    0x20000402   COMPRESSED   0x00000002   PAD
    0x20000404        -       0x0000007b   Zero   RW          708    .bss                init_main_f4.o
    0x2000047f   COMPRESSED   0x00000001   PAD
    0x20000480        -       0x00000400   Zero   RW         2221    STACK               startup_stm32f40xx.o


==============================================================================

Image component sizes


      Code (inc. data)   RO Data    RW Data    ZI Data      Debug   Object Name

      1160        104          0         16          0       6895   config_encoder.o
        20          4          0          0          0        434   delay.o
      4526        432          0        200          0       8827   hamcon.o
      1312        140          0         12        123       4239   init_main_f4.o
       610         20          0          0          0       2431   lcd.o
       192         26          0        189        566     334504   main.o
       140         24          0          0          0       1543   misc.o
       288         38          0          0          0       2479   pwm_gpio.o
        36          8        392          0       1024        852   startup_stm32f40xx.o
       564         40          0          0          0       4313   stm32f4xx_dma.o
       242          0          0          0          0       2967   stm32f4xx_gpio.o
       870         82          0          3          0       7057   stm32f4xx_it.o
       392         48          0         16          0       5761   stm32f4xx_rcc.o
      1448         66          0          0          0      16263   stm32f4xx_tim.o
       700         42          0          0          0       6615   stm32f4xx_usart.o
       328         34          0         20          0       1645   system_stm32f4xx.o

    ----------------------------------------------------------------------
     12858       1108        424        456       1716     406825   Object Totals
         0          0         32          0          0          0   (incl. Generated)
        30          0          0          0          3          0   (incl. Padding)

    ----------------------------------------------------------------------

      Code (inc. data)   RO Data    RW Data    ZI Data      Debug   Library Member Name

       156          8          0          0          0        104   cos.o
       252         22         48          0          0        124   cos_i.o
        34          6          0          0          0        204   dunder.o
        40          0          0          0          0         68   fpclassify.o
       170          0          0          0          0         96   poly.o
       904         76        200          0          0        140   rred.o
       236         12         40          0          0        128   sin_i.o
        86          0          0          0          0          0   __dczerorl2.o
        28          0          0          0          0         68   _chval.o
       158          0          0          0          0         92   _strtoul.o
        26          0          0          0          0         80   atoi.o
         8          4        133          0          0         68   ctype_o.o
         0          0          0          0          0          0   entry.o
         0          0          0          0          0          0   entry10a.o
         0          0          0          0          0          0   entry11a.o
         8          4          0          0          0          0   entry2.o
         4          0          0          0          0          0   entry5.o
         0          0          0          0          0          0   entry7b.o
         0          0          0          0          0          0   entry8b.o
         8          4          0          0          0          0   entry9a.o
        20         10          0          4          0        136   errno.o
        30          0          0          0          0          0   handlers.o
        36          8          0          0          0         68   init.o
         0          0          0          0          0          0   iusefp.o
        30          0          0          0          0         68   llshl.o
        36          0          0          0          0         68   llsshr.o
        32          0          0          0          0         68   llushr.o
       112          0          0          0          0         88   strtol.o
        20          0          0          0          0         68   cfcmple.o
        20          0          0          0          0         68   cfrcmple.o
        56          0          0          0          0         88   d2f.o
       334          0          0          0          0        148   dadd.o
       222          0          0          0          0        100   ddiv.o
       186          0          0          0          0        176   depilogue.o
        62          0          0          0          0         80   dfixi.o
        34          0          0          0          0         76   dflti.o
        26          0          0          0          0         76   dfltui.o
       228          0          0          0          0         96   dmul.o
        46          0          0          0          0         80   dscalb.o
        38          0          0          0          0         68   f2d.o
       176          0          0          0          0        140   fadd.o
       110          0          0          0          0        168   fepilogue.o
        50          0          0          0          0         68   ffixi.o
        18          0          0          0          0         68   fflti.o
       100          0          0          0          0         76   fmul.o

    ----------------------------------------------------------------------
      4150        154        424          4          0       3312   Library Totals
        10          0          3          0          0          0   (incl. Padding)

    ----------------------------------------------------------------------

      Code (inc. data)   RO Data    RW Data    ZI Data      Debug   Library Name

      1792        124        288          0          0        864   m_ws.l
       622         30        133          4          0        804   mc_w.l
      1726          0          0          0          0       1644   mf_w.l

    ----------------------------------------------------------------------
      4150        154        424          4          0       3312   Library Totals

    ----------------------------------------------------------------------

==============================================================================


      Code (inc. data)   RO Data    RW Data    ZI Data      Debug   

     17008       1262        848        460       1716     403245   Grand Totals
     17008       1262        848         36       1716     403245   ELF Image Totals (compressed)
     17008       1262        848         36          0          0   ROM Totals

==============================================================================

    Total RO  Size (Code + RO Data)                17856 (  17.44kB)
    Total RW  Size (RW Data + ZI Data)              2176 (   2.13kB)
    Total ROM Size (Code + RO Data + RW Data)      17892 (  17.47kB)

==============================================================================

